2022-06-24 15:24:30,619:INFO:Watching for file changes with StatReloader
2022-06-24 15:24:37,745:DEBUG:user sandrexttu1 logged in through page https://2fab-45-143-108-82.eu.ngrok.io/login?next=/1/
2022-06-24 15:25:12,004:INFO:C:\Projects\mysite\core\signals.py changed, reloading.
2022-06-24 15:25:12,732:INFO:Watching for file changes with StatReloader
2022-06-24 15:25:59,549:INFO:C:\Projects\mysite\core\signals.py changed, reloading.
2022-06-24 15:26:00,235:INFO:Watching for file changes with StatReloader
2022-06-24 15:26:18,636:DEBUG:user sandrexttu1 logged out through page None
2022-06-24 15:26:23,455:DEBUG:user sandrexttu1 logged in through page https://2fab-45-143-108-82.eu.ngrok.io/login
2022-06-24 15:26:23,456:ERROR:Internal Server Error: /login
Traceback (most recent call last):
  File "C:\Django\lib\site-packages\django\shortcuts.py", line 145, in resolve_url
    return reverse(to, args=args, kwargs=kwargs)
  File "C:\Django\lib\site-packages\django\urls\base.py", line 88, in reverse
    return resolver._reverse_with_prefix(view, prefix, *args, **kwargs)
  File "C:\Django\lib\site-packages\django\urls\resolvers.py", line 802, in _reverse_with_prefix
    raise NoReverseMatch(msg)
django.urls.exceptions.NoReverseMatch: Reverse for 'None' not found. 'None' is not a valid view function or pattern name.

During handling of the above exception, another exception occurred:

Traceback (most recent call last):
  File "C:\Django\lib\site-packages\django\core\handlers\exception.py", line 55, in inner
    response = get_response(request)
  File "C:\Django\lib\site-packages\django\core\handlers\base.py", line 197, in _get_response
    response = wrapped_callback(request, *callback_args, **callback_kwargs)
  File "C:\Projects\mysite\core\views.py", line 222, in loginPage
    return redirect(request.POST.get('next'))
  File "C:\Django\lib\site-packages\django\shortcuts.py", line 48, in redirect
    return redirect_class(resolve_url(to, *args, **kwargs))
  File "C:\Django\lib\site-packages\django\shortcuts.py", line 151, in resolve_url
    if "/" not in to and "." not in to:
TypeError: argument of type 'NoneType' is not iterable
2022-06-24 15:26:28,852:DEBUG:user sandrexttu1 logged in through page https://2fab-45-143-108-82.eu.ngrok.io/login
2022-06-24 15:26:28,853:ERROR:Internal Server Error: /login
Traceback (most recent call last):
  File "C:\Django\lib\site-packages\django\shortcuts.py", line 145, in resolve_url
    return reverse(to, args=args, kwargs=kwargs)
  File "C:\Django\lib\site-packages\django\urls\base.py", line 88, in reverse
    return resolver._reverse_with_prefix(view, prefix, *args, **kwargs)
  File "C:\Django\lib\site-packages\django\urls\resolvers.py", line 802, in _reverse_with_prefix
    raise NoReverseMatch(msg)
django.urls.exceptions.NoReverseMatch: Reverse for 'None' not found. 'None' is not a valid view function or pattern name.

During handling of the above exception, another exception occurred:

Traceback (most recent call last):
  File "C:\Django\lib\site-packages\django\core\handlers\exception.py", line 55, in inner
    response = get_response(request)
  File "C:\Django\lib\site-packages\django\core\handlers\base.py", line 197, in _get_response
    response = wrapped_callback(request, *callback_args, **callback_kwargs)
  File "C:\Projects\mysite\core\views.py", line 222, in loginPage
    return redirect(request.POST.get('next'))
  File "C:\Django\lib\site-packages\django\shortcuts.py", line 48, in redirect
    return redirect_class(resolve_url(to, *args, **kwargs))
  File "C:\Django\lib\site-packages\django\shortcuts.py", line 151, in resolve_url
    if "/" not in to and "." not in to:
TypeError: argument of type 'NoneType' is not iterable
2022-06-24 15:26:35,036:DEBUG:user sandrexttu1 logged in through page https://2fab-45-143-108-82.eu.ngrok.io/login?next=/list
2022-06-24 15:34:52,218:INFO:C:\Projects\mysite\mysite\settings.py changed, reloading.
2022-06-24 15:40:10,195:INFO:Watching for file changes with StatReloader
2022-06-24 15:40:10,195:DEBUG:Waiting for apps ready_event.
2022-06-24 15:40:10,216:DEBUG:Apps ready_event triggered. Sending autoreload_started signal.
2022-06-24 15:40:10,259:DEBUG:Watching dir C:\Django\lib\site-packages\crispy_forms\templates with glob **/*.
2022-06-24 15:40:10,259:DEBUG:Watching dir C:\Projects\mysite\mysite\templates with glob **/*.
2022-06-24 15:40:10,259:DEBUG:Watching dir C:\Projects\mysite\locale with glob **/*.mo.
2022-06-24 15:40:10,260:DEBUG:Watching dir C:\Projects\mysite\core\locale with glob **/*.mo.
2022-06-24 15:40:10,260:DEBUG:Watching dir C:\Django\lib\site-packages\crispy_forms\locale with glob **/*.mo.
2022-06-24 15:40:10,468:DEBUG:File C:\Django\Lib\site-packages\django\contrib\contenttypes\management\__init__.py first seen with mtime 1648413401.921122
2022-06-24 15:40:10,468:DEBUG:File C:\Program Files\WindowsApps\PythonSoftwareFoundation.Python.3.10_3.10.1520.0_x64__qbz5n2kfra8p0\Lib\http\server.py first seen with mtime 1648394698.0582118
2022-06-24 15:40:10,468:DEBUG:File C:\Program Files\WindowsApps\PythonSoftwareFoundation.Python.3.10_3.10.1520.0_x64__qbz5n2kfra8p0\Lib\_compression.py first seen with mtime 1648394700.9873378
2022-06-24 15:40:10,468:DEBUG:File C:\Django\Lib\site-packages\django\db\backends\sqlite3\__init__.py first seen with mtime 1648413403.752786
2022-06-24 15:40:10,468:DEBUG:File C:\Django\Lib\site-packages\django\http\multipartparser.py first seen with mtime 1648413403.877453
2022-06-24 15:40:10,468:DEBUG:File C:\Program Files\WindowsApps\PythonSoftwareFoundation.Python.3.10_3.10.1520.0_x64__qbz5n2kfra8p0\Lib\queue.py first seen with mtime 1654628038.1242068
2022-06-24 15:40:10,468:DEBUG:File C:\Django\Lib\site-packages\django\views\generic\detail.py first seen with mtime 1648413403.9761887
2022-06-24 15:40:10,468:DEBUG:File C:\Django\Lib\site-packages\django\forms\forms.py first seen with mtime 1648413403.8106315
2022-06-24 15:40:10,468:DEBUG:File C:\Program Files\WindowsApps\PythonSoftwareFoundation.Python.3.10_3.10.1520.0_x64__qbz5n2kfra8p0\Lib\_markupbase.py first seen with mtime 1648394700.9873378
2022-06-24 15:40:10,469:DEBUG:File C:\Django\Lib\site-packages\django\contrib\sessions\middleware.py first seen with mtime 1648413403.142877
2022-06-24 15:40:10,469:DEBUG:File C:\Django\Lib\site-packages\django\forms\widgets.py first seen with mtime 1648413403.8146214
2022-06-24 15:40:10,469:DEBUG:File C:\Django\Lib\site-packages\django\template\loaders\base.py first seen with mtime 1648413403.9073775
2022-06-24 15:40:10,469:DEBUG:File C:\Django\Lib\site-packages\django\core\exceptions.py first seen with mtime 1648413403.629117
2022-06-24 15:40:10,469:DEBUG:File C:\Django\Lib\site-packages\django\contrib\auth\models.py first seen with mtime 1648413401.4819546
2022-06-24 15:40:10,469:DEBUG:File C:\Program Files\WindowsApps\PythonSoftwareFoundation.Python.3.10_3.10.1520.0_x64__qbz5n2kfra8p0\Lib\email\mime\message.py first seen with mtime 1648394697.649305
2022-06-24 15:40:10,469:DEBUG:File C:\Django\Lib\site-packages\django\contrib\contenttypes\fields.py first seen with mtime 1648413401.7056985
2022-06-24 15:40:10,469:DEBUG:File C:\Program Files\WindowsApps\PythonSoftwareFoundation.Python.3.10_3.10.1520.0_x64__qbz5n2kfra8p0\Lib\email\generator.py first seen with mtime 1648394697.6443183
2022-06-24 15:40:10,469:DEBUG:File C:\Program Files\WindowsApps\PythonSoftwareFoundation.Python.3.10_3.10.1520.0_x64__qbz5n2kfra8p0\Lib\_compat_pickle.py first seen with mtime 1648394700.986341
2022-06-24 15:40:10,469:DEBUG:File C:\Django\Lib\site-packages\django\template\context.py first seen with mtime 1648413403.8884242
2022-06-24 15:40:10,469:DEBUG:File C:\Django\Lib\site-packages\django\utils\hashable.py first seen with mtime 1648413403.9402852
2022-06-24 15:40:10,470:DEBUG:File C:\Projects\mysite\core\models.py first seen with mtime 1655977634.2464705
2022-06-24 15:40:10,470:DEBUG:File C:\Django\Lib\site-packages\django\contrib\messages\apps.py first seen with mtime 1648413402.6746383
2022-06-24 15:40:10,470:DEBUG:File C:\Program Files\WindowsApps\PythonSoftwareFoundation.Python.3.10_3.10.1520.0_x64__qbz5n2kfra8p0\Lib\importlib\_abc.py first seen with mtime 1648394698.4284682
2022-06-24 15:40:10,470:DEBUG:File C:\Program Files\WindowsApps\PythonSoftwareFoundation.Python.3.10_3.10.1520.0_x64__qbz5n2kfra8p0\Lib\re.py first seen with mtime 1648394698.8149376
2022-06-24 15:40:10,470:DEBUG:File C:\Django\Lib\site-packages\django\utils\numberformat.py first seen with mtime 1648413403.947267
2022-06-24 15:40:10,470:DEBUG:File C:\Program Files\WindowsApps\PythonSoftwareFoundation.Python.3.10_3.10.1520.0_x64__qbz5n2kfra8p0\DLLs\unicodedata.pyd first seen with mtime 1654628024.3229182
2022-06-24 15:40:10,470:DEBUG:File C:\Django\Lib\site-packages\django\contrib\admin\views\__init__.py first seen with mtime 1648413401.2455657
2022-06-24 15:40:10,470:DEBUG:File C:\Django\Lib\site-packages\django\contrib\auth\migrations\0007_alter_validators_add_error_messages.py first seen with mtime 1648413401.6927323
2022-06-24 15:40:10,470:DEBUG:File C:\Django\Lib\site-packages\django\conf\locale\__init__.py first seen with mtime 1648413400.2942603
2022-06-24 15:40:10,470:DEBUG:File C:\Program Files\WindowsApps\PythonSoftwareFoundation.Python.3.10_3.10.1520.0_x64__qbz5n2kfra8p0\Lib\asyncio\mixins.py first seen with mtime 1648394697.0078018
2022-06-24 15:40:10,471:DEBUG:File C:\Django\Lib\site-packages\django\contrib\staticfiles\apps.py first seen with mtime 1648413403.6121638
2022-06-24 15:40:10,471:DEBUG:File C:\Django\Lib\site-packages\django\contrib\auth\migrations\0001_initial.py first seen with mtime 1648413401.6887398
2022-06-24 15:40:10,471:DEBUG:File C:\Django\Lib\site-packages\django\middleware\security.py first seen with mtime 1648413403.884434
2022-06-24 15:40:10,471:DEBUG:File C:\Program Files\WindowsApps\PythonSoftwareFoundation.Python.3.10_3.10.1520.0_x64__qbz5n2kfra8p0\Lib\glob.py first seen with mtime 1648394698.038272
2022-06-24 15:40:10,471:DEBUG:File C:\Program Files\WindowsApps\PythonSoftwareFoundation.Python.3.10_3.10.1520.0_x64__qbz5n2kfra8p0\Lib\asyncio\selector_events.py first seen with mtime 1654628024.5819392
2022-06-24 15:40:10,471:DEBUG:File C:\Django\Lib\site-packages\django\views\i18n.py first seen with mtime 1648413403.9652188
2022-06-24 15:40:10,471:DEBUG:File C:\Program Files\WindowsApps\PythonSoftwareFoundation.Python.3.10_3.10.1520.0_x64__qbz5n2kfra8p0\Lib\operator.py first seen with mtime 1648394698.7511086
2022-06-24 15:40:10,471:DEBUG:File C:\Django\Lib\site-packages\pkg_resources\_vendor\packaging\__about__.py first seen with mtime 1648413345.2483
2022-06-24 15:40:10,471:DEBUG:File C:\Django\Lib\site-packages\django\conf\urls\__init__.py first seen with mtime 1648413400.621386
2022-06-24 15:40:10,471:DEBUG:File C:\Django\Lib\site-packages\django\utils\connection.py first seen with mtime 1648413403.932306
2022-06-24 15:40:10,472:DEBUG:File C:\Django\Lib\site-packages\django\db\backends\sqlite3\client.py first seen with mtime 1648413403.7537832
2022-06-24 15:40:10,472:DEBUG:File C:\Django\Lib\site-packages\django\db\models\functions\__init__.py first seen with mtime 1648413403.798663
2022-06-24 15:40:10,472:DEBUG:File C:\Program Files\WindowsApps\PythonSoftwareFoundation.Python.3.10_3.10.1520.0_x64__qbz5n2kfra8p0\DLLs\_ssl.pyd first seen with mtime 1654628024.5051293
2022-06-24 15:40:10,472:DEBUG:File C:\Django\Lib\site-packages\django\core\cache\backends\base.py first seen with mtime 1648413403.6370964
2022-06-24 15:40:10,472:DEBUG:File C:\Django\Lib\site-packages\django\utils\tree.py first seen with mtime 1648413403.9542482
2022-06-24 15:40:10,472:DEBUG:File C:\Django\Lib\site-packages\django\core\cache\utils.py first seen with mtime 1648413403.6360996
2022-06-24 15:40:10,472:DEBUG:File C:\Django\Lib\site-packages\django\middleware\__init__.py first seen with mtime 1648413403.87845
2022-06-24 15:40:10,472:DEBUG:File C:\Program Files\WindowsApps\PythonSoftwareFoundation.Python.3.10_3.10.1520.0_x64__qbz5n2kfra8p0\Lib\bisect.py first seen with mtime 1648394697.4219148
2022-06-24 15:40:10,472:DEBUG:File C:\Django\Lib\site-packages\django\utils\autoreload.py first seen with mtime 1648413403.930312
2022-06-24 15:40:10,472:DEBUG:File C:\Django\Lib\site-packages\django\core\serializers\python.py first seen with mtime 1648413403.7099006
2022-06-24 15:40:10,472:DEBUG:File C:\Django\Lib\site-packages\django\utils\cache.py first seen with mtime 1648413403.9313085
2022-06-24 15:40:10,473:DEBUG:File C:\Program Files\WindowsApps\PythonSoftwareFoundation.Python.3.10_3.10.1520.0_x64__qbz5n2kfra8p0\Lib\email\feedparser.py first seen with mtime 1648394697.643322
2022-06-24 15:40:10,473:DEBUG:File C:\Django\Lib\site-packages\django\db\backends\sqlite3\creation.py first seen with mtime 1648413403.754781
2022-06-24 15:40:10,473:DEBUG:File C:\Program Files\WindowsApps\PythonSoftwareFoundation.Python.3.10_3.10.1520.0_x64__qbz5n2kfra8p0\Lib\ast.py first seen with mtime 1648394696.9858594
2022-06-24 15:40:10,473:DEBUG:File C:\Program Files\WindowsApps\PythonSoftwareFoundation.Python.3.10_3.10.1520.0_x64__qbz5n2kfra8p0\Lib\dataclasses.py first seen with mtime 1648394697.4887342
2022-06-24 15:40:10,473:DEBUG:File C:\Django\Lib\site-packages\django\apps\__init__.py first seen with mtime 1648413400.2842884
2022-06-24 15:40:10,473:DEBUG:File C:\Django\Lib\site-packages\crispy_forms\base.py first seen with mtime 1654184826.939546
2022-06-24 15:40:10,473:DEBUG:File C:\Django\Lib\site-packages\django\template\response.py first seen with mtime 1648413403.8973997
2022-06-24 15:40:10,473:DEBUG:File C:\Django\Lib\site-packages\django\contrib\auth\management\__init__.py first seen with mtime 1648413401.685241
2022-06-24 15:40:10,473:DEBUG:File C:\Django\Lib\site-packages\django\contrib\admin\templatetags\admin_modify.py first seen with mtime 1648413401.2435713
2022-06-24 15:40:10,473:DEBUG:File C:\Django\Lib\site-packages\django\db\models\sql\datastructures.py first seen with mtime 1648413403.8046467
2022-06-24 15:40:10,474:DEBUG:File C:\Program Files\WindowsApps\PythonSoftwareFoundation.Python.3.10_3.10.1520.0_x64__qbz5n2kfra8p0\Lib\random.py first seen with mtime 1648394698.8149376
2022-06-24 15:40:10,474:DEBUG:File C:\Program Files\WindowsApps\PythonSoftwareFoundation.Python.3.10_3.10.1520.0_x64__qbz5n2kfra8p0\Lib\asyncio\protocols.py first seen with mtime 1648394697.0097964
2022-06-24 15:40:10,474:DEBUG:File C:\Program Files\WindowsApps\PythonSoftwareFoundation.Python.3.10_3.10.1520.0_x64__qbz5n2kfra8p0\Lib\logging\__init__.py first seen with mtime 1648394698.6603515
2022-06-24 15:40:10,474:DEBUG:File C:\Django\Lib\site-packages\django\forms\utils.py first seen with mtime 1648413403.8136237
2022-06-24 15:40:10,474:DEBUG:File C:\Django\Lib\site-packages\django\contrib\auth\apps.py first seen with mtime 1648413401.4739761
2022-06-24 15:40:10,474:DEBUG:File C:\Django\Lib\site-packages\django\views\csrf.py first seen with mtime 1648413403.962226
2022-06-24 15:40:10,474:DEBUG:File C:\Django\Lib\site-packages\django\templatetags\l10n.py first seen with mtime 1648413403.9133568
2022-06-24 15:40:10,474:DEBUG:File C:\Program Files\WindowsApps\PythonSoftwareFoundation.Python.3.10_3.10.1520.0_x64__qbz5n2kfra8p0\Lib\copyreg.py first seen with mtime 1648394697.449838
2022-06-24 15:40:10,474:DEBUG:File C:\Program Files\WindowsApps\PythonSoftwareFoundation.Python.3.10_3.10.1520.0_x64__qbz5n2kfra8p0\Lib\hmac.py first seen with mtime 1648394698.042256
2022-06-24 15:40:10,474:DEBUG:File C:\Program Files\WindowsApps\PythonSoftwareFoundation.Python.3.10_3.10.1520.0_x64__qbz5n2kfra8p0\Lib\wsgiref\handlers.py first seen with mtime 1648394700.881621
2022-06-24 15:40:10,474:DEBUG:File C:\Projects\mysite\core\apps.py first seen with mtime 1654784472.4503944
2022-06-24 15:40:10,475:DEBUG:File C:\Django\Lib\site-packages\django\core\checks\compatibility\django_4_0.py first seen with mtime 1648413403.6530523
2022-06-24 15:40:10,475:DEBUG:File C:\Program Files\WindowsApps\PythonSoftwareFoundation.Python.3.10_3.10.1520.0_x64__qbz5n2kfra8p0\Lib\http\__init__.py first seen with mtime 1648394698.059209
2022-06-24 15:40:10,475:DEBUG:File C:\Django\Lib\site-packages\django\db\models\manager.py first seen with mtime 1648413403.7866957
2022-06-24 15:40:10,475:DEBUG:File C:\Django\Lib\site-packages\sqlparse\filters\right_margin.py first seen with mtime 1648413399.8514435
2022-06-24 15:40:10,475:DEBUG:File C:\Django\Lib\site-packages\django\db\models\sql\subqueries.py first seen with mtime 1648413403.8066418
2022-06-24 15:40:10,475:DEBUG:File C:\Django\Lib\site-packages\django\contrib\admin\widgets.py first seen with mtime 1648413400.6323562
2022-06-24 15:40:10,475:DEBUG:File C:\Program Files\WindowsApps\PythonSoftwareFoundation.Python.3.10_3.10.1520.0_x64__qbz5n2kfra8p0\Lib\asyncio\sslproto.py first seen with mtime 1648394697.0147822
2022-06-24 15:40:10,475:DEBUG:File C:\Django\Lib\site-packages\django\template\smartif.py first seen with mtime 1648413403.8973997
2022-06-24 15:40:10,475:DEBUG:File C:\Program Files\WindowsApps\PythonSoftwareFoundation.Python.3.10_3.10.1520.0_x64__qbz5n2kfra8p0\Lib\shutil.py first seen with mtime 1654628038.125694
2022-06-24 15:40:10,475:DEBUG:File C:\Django\Lib\site-packages\django\db\models\enums.py first seen with mtime 1648413403.780712
2022-06-24 15:40:10,476:DEBUG:File C:\Django\Lib\site-packages\django\utils\translation\reloader.py first seen with mtime 1648413403.9582412
2022-06-24 15:40:10,476:DEBUG:File C:\Django\Lib\site-packages\asgiref\sync.py first seen with mtime 1648413400.1316955
2022-06-24 15:40:10,476:DEBUG:File C:\Django\Lib\site-packages\django\template\exceptions.py first seen with mtime 1648413403.894408
2022-06-24 15:40:10,476:DEBUG:File C:\Django\Lib\site-packages\colorama\win32.py first seen with mtime 1654164525.4633293
2022-06-24 15:40:10,476:DEBUG:File C:\Django\Lib\site-packages\django\db\backends\signals.py first seen with mtime 1648413403.7168825
2022-06-24 15:40:10,476:DEBUG:File C:\Django\Lib\site-packages\django\core\files\temp.py first seen with mtime 1648413403.661031
2022-06-24 15:40:10,476:DEBUG:File C:\Django\Lib\site-packages\django\contrib\admin\actions.py first seen with mtime 1648413400.6243775
2022-06-24 15:40:10,476:DEBUG:File C:\Django\Lib\site-packages\django\core\checks\caches.py first seen with mtime 1648413403.645074
2022-06-24 15:40:10,476:DEBUG:File C:\Django\Lib\site-packages\django\contrib\auth\hashers.py first seen with mtime 1648413401.4799597
2022-06-24 15:40:10,476:DEBUG:File C:\Program Files\WindowsApps\PythonSoftwareFoundation.Python.3.10_3.10.1520.0_x64__qbz5n2kfra8p0\Lib\importlib\__init__.py first seen with mtime 1648394698.4304633
2022-06-24 15:40:10,476:DEBUG:File C:\Django\Lib\site-packages\django\db\models\sql\constants.py first seen with mtime 1648413403.80365
2022-06-24 15:40:10,477:DEBUG:File C:\Program Files\WindowsApps\PythonSoftwareFoundation.Python.3.10_3.10.1520.0_x64__qbz5n2kfra8p0\Lib\gzip.py first seen with mtime 1648394698.0402608
2022-06-24 15:40:10,477:DEBUG:File C:\Django\Lib\site-packages\django\forms\models.py first seen with mtime 1648413403.8126261
2022-06-24 15:40:10,477:DEBUG:File C:\Program Files\WindowsApps\PythonSoftwareFoundation.Python.3.10_3.10.1520.0_x64__qbz5n2kfra8p0\Lib\email\base64mime.py first seen with mtime 1648394697.6393316
2022-06-24 15:40:10,477:DEBUG:File C:\Django\Lib\site-packages\django\db\backends\sqlite3\features.py first seen with mtime 1648413403.7557783
2022-06-24 15:40:10,477:DEBUG:File C:\Django\Lib\site-packages\django\contrib\staticfiles\views.py first seen with mtime 1648413403.6201408
2022-06-24 15:40:10,477:DEBUG:File C:\Django\Lib\site-packages\pkg_resources\_vendor\packaging\specifiers.py first seen with mtime 1648413345.2542837
2022-06-24 15:40:10,477:DEBUG:File C:\Django\Lib\site-packages\django\core\files\storage.py first seen with mtime 1648413403.660034
2022-06-24 15:40:10,477:DEBUG:File C:\Program Files\WindowsApps\PythonSoftwareFoundation.Python.3.10_3.10.1520.0_x64__qbz5n2kfra8p0\Lib\email\_header_value_parser.py first seen with mtime 1654628024.6292424
2022-06-24 15:40:10,477:DEBUG:File C:\Program Files\WindowsApps\PythonSoftwareFoundation.Python.3.10_3.10.1520.0_x64__qbz5n2kfra8p0\Lib\signal.py first seen with mtime 1648394698.8209214
2022-06-24 15:40:10,477:DEBUG:File C:\Django\Lib\site-packages\django\db\backends\base\base.py first seen with mtime 1648413403.7208712
2022-06-24 15:40:10,477:DEBUG:File C:\Django\Lib\site-packages\django\utils\inspect.py first seen with mtime 1648413403.9432766
2022-06-24 15:40:10,478:DEBUG:File C:\Django\Lib\site-packages\django\db\backends\sqlite3\operations.py first seen with mtime 1648413403.7577734
2022-06-24 15:40:10,478:DEBUG:File C:\Django\Lib\site-packages\django\db\models\constraints.py first seen with mtime 1648413403.7797146
2022-06-24 15:40:10,478:DEBUG:File C:\Django\Lib\site-packages\django\db\models\fields\related_descriptors.py first seen with mtime 1648413403.7956715
2022-06-24 15:40:10,478:DEBUG:File C:\Django\Lib\site-packages\django\contrib\admin\checks.py first seen with mtime 1648413400.625375
2022-06-24 15:40:10,478:DEBUG:File C:\Program Files\WindowsApps\PythonSoftwareFoundation.Python.3.10_3.10.1520.0_x64__qbz5n2kfra8p0\Lib\traceback.py first seen with mtime 1648394700.7529645
2022-06-24 15:40:10,478:DEBUG:File C:\Django\Lib\site-packages\django\contrib\admin\sites.py first seen with mtime 1648413400.6303625
2022-06-24 15:40:10,478:DEBUG:File C:\Django\Lib\site-packages\django\contrib\contenttypes\apps.py first seen with mtime 1648413401.7047007
2022-06-24 15:40:10,478:DEBUG:File C:\Program Files\WindowsApps\PythonSoftwareFoundation.Python.3.10_3.10.1520.0_x64__qbz5n2kfra8p0\Lib\encodings\aliases.py first seen with mtime 1648394697.7191193
2022-06-24 15:40:10,478:DEBUG:File C:\Program Files\WindowsApps\PythonSoftwareFoundation.Python.3.10_3.10.1520.0_x64__qbz5n2kfra8p0\Lib\reprlib.py first seen with mtime 1648394698.8159344
2022-06-24 15:40:10,478:DEBUG:File C:\Django\Lib\site-packages\django\contrib\sessions\migrations\__init__.py first seen with mtime 1648413403.3792725
2022-06-24 15:40:10,479:DEBUG:File C:\Django\Lib\site-packages\django\contrib\contenttypes\migrations\0001_initial.py first seen with mtime 1648413401.9231174
2022-06-24 15:40:10,479:DEBUG:File C:\Program Files\WindowsApps\PythonSoftwareFoundation.Python.3.10_3.10.1520.0_x64__qbz5n2kfra8p0\DLLs\_bz2.pyd first seen with mtime 1654628024.341808
2022-06-24 15:40:10,479:DEBUG:File C:\Django\Lib\site-packages\django\forms\boundfield.py first seen with mtime 1648413403.809634
2022-06-24 15:40:10,479:DEBUG:File C:\Program Files\WindowsApps\PythonSoftwareFoundation.Python.3.10_3.10.1520.0_x64__qbz5n2kfra8p0\Lib\zoneinfo\_common.py first seen with mtime 1648394700.976369
2022-06-24 15:40:10,479:DEBUG:File C:\Program Files\WindowsApps\PythonSoftwareFoundation.Python.3.10_3.10.1520.0_x64__qbz5n2kfra8p0\Lib\http\client.py first seen with mtime 1648394698.055225
2022-06-24 15:40:10,479:DEBUG:File C:\Django\Lib\site-packages\sqlparse\keywords.py first seen with mtime 1648413399.8394759
2022-06-24 15:40:10,479:DEBUG:File C:\Program Files\WindowsApps\PythonSoftwareFoundation.Python.3.10_3.10.1520.0_x64__qbz5n2kfra8p0\Lib\email\mime\nonmultipart.py first seen with mtime 1648394697.6503024
2022-06-24 15:40:10,479:DEBUG:File C:\Django\Lib\site-packages\django\apps\registry.py first seen with mtime 1648413400.286281
2022-06-24 15:40:10,479:DEBUG:File C:\Django\Lib\site-packages\colorama\ansi.py first seen with mtime 1654164525.4613454
2022-06-24 15:40:10,480:DEBUG:File C:\Program Files\WindowsApps\PythonSoftwareFoundation.Python.3.10_3.10.1520.0_x64__qbz5n2kfra8p0\Lib\mimetypes.py first seen with mtime 1648394698.681295
2022-06-24 15:40:10,480:DEBUG:File C:\Django\Lib\site-packages\django\core\wsgi.py first seen with mtime 1648413403.6341038
2022-06-24 15:40:10,480:DEBUG:File C:\Program Files\WindowsApps\PythonSoftwareFoundation.Python.3.10_3.10.1520.0_x64__qbz5n2kfra8p0\Lib\ctypes\_endian.py first seen with mtime 1648394697.4598112
2022-06-24 15:40:10,480:DEBUG:File C:\Django\Lib\site-packages\django\db\models\deletion.py first seen with mtime 1648413403.7797146
2022-06-24 15:40:10,480:DEBUG:File C:\Program Files\WindowsApps\PythonSoftwareFoundation.Python.3.10_3.10.1520.0_x64__qbz5n2kfra8p0\Lib\email\message.py first seen with mtime 1648394697.646314
2022-06-24 15:40:10,480:DEBUG:File C:\Django\Lib\site-packages\django\contrib\admin\migrations\__init__.py first seen with mtime 1648413401.0129597
2022-06-24 15:40:10,480:DEBUG:File C:\Django\Lib\site-packages\asgiref\current_thread_executor.py first seen with mtime 1648413400.1287024
2022-06-24 15:40:10,480:DEBUG:File C:\Program Files\WindowsApps\PythonSoftwareFoundation.Python.3.10_3.10.1520.0_x64__qbz5n2kfra8p0\Lib\xml\parsers\expat.py first seen with mtime 1648394700.953429
2022-06-24 15:40:10,480:DEBUG:File C:\Program Files\WindowsApps\PythonSoftwareFoundation.Python.3.10_3.10.1520.0_x64__qbz5n2kfra8p0\Lib\asyncio\constants.py first seen with mtime 1648394696.993839
2022-06-24 15:40:10,480:DEBUG:File C:\Django\Lib\site-packages\django\template\autoreload.py first seen with mtime 1648413403.8864293
2022-06-24 15:40:10,480:DEBUG:File C:\Django\Lib\site-packages\django\dispatch\dispatcher.py first seen with mtime 1648413403.807639
2022-06-24 15:40:10,481:DEBUG:File C:\Django\Lib\site-packages\django\utils\duration.py first seen with mtime 1648413403.9372928
2022-06-24 15:40:10,481:DEBUG:File C:\Django\Lib\site-packages\django\db\models\sql\query.py first seen with mtime 1648413403.8056445
2022-06-24 15:40:10,481:DEBUG:File C:\Django\Lib\site-packages\django\contrib\auth\migrations\0005_alter_user_last_login_null.py first seen with mtime 1648413401.6917353
2022-06-24 15:40:10,481:DEBUG:File C:\Program Files\WindowsApps\PythonSoftwareFoundation.Python.3.10_3.10.1520.0_x64__qbz5n2kfra8p0\Lib\unittest\__init__.py first seen with mtime 1648394700.8128054
2022-06-24 15:40:10,481:DEBUG:File C:\Django\Lib\site-packages\django\template\loaders\filesystem.py first seen with mtime 1648413403.909368
2022-06-24 15:40:10,481:DEBUG:File C:\Django\Lib\site-packages\django\core\management\color.py first seen with mtime 1648413403.675995
2022-06-24 15:40:10,481:DEBUG:File C:\Django\Lib\site-packages\django\db\migrations\operations\__init__.py first seen with mtime 1648413403.7707388
2022-06-24 15:40:10,481:DEBUG:File C:\Program Files\WindowsApps\PythonSoftwareFoundation.Python.3.10_3.10.1520.0_x64__qbz5n2kfra8p0\Lib\lzma.py first seen with mtime 1648394698.6743248
2022-06-24 15:40:10,481:DEBUG:File C:\Django\Lib\site-packages\django\db\models\fields\json.py first seen with mtime 1648413403.7926793
2022-06-24 15:40:10,481:DEBUG:File C:\Program Files\WindowsApps\PythonSoftwareFoundation.Python.3.10_3.10.1520.0_x64__qbz5n2kfra8p0\Lib\unittest\loader.py first seen with mtime 1648394700.8028316
2022-06-24 15:40:10,481:DEBUG:File C:\Program Files\WindowsApps\PythonSoftwareFoundation.Python.3.10_3.10.1520.0_x64__qbz5n2kfra8p0\Lib\asyncio\exceptions.py first seen with mtime 1648394697.0008228
2022-06-24 15:40:10,482:DEBUG:File C:\Django\Lib\site-packages\django\contrib\auth\views.py first seen with mtime 1648413401.4859445
2022-06-24 15:40:10,482:DEBUG:File C:\Program Files\WindowsApps\PythonSoftwareFoundation.Python.3.10_3.10.1520.0_x64__qbz5n2kfra8p0\Lib\socketserver.py first seen with mtime 1648394700.6811583
2022-06-24 15:40:10,482:DEBUG:File C:\Django\Lib\site-packages\django\contrib\admin\utils.py first seen with mtime 1648413400.6323562
2022-06-24 15:40:10,482:DEBUG:File C:\Django\Lib\site-packages\django\contrib\auth\validators.py first seen with mtime 1648413401.4849465
2022-06-24 15:40:10,482:DEBUG:File C:\Program Files\WindowsApps\PythonSoftwareFoundation.Python.3.10_3.10.1520.0_x64__qbz5n2kfra8p0\Lib\asyncio\coroutines.py first seen with mtime 1648394696.9958375
2022-06-24 15:40:10,482:DEBUG:File C:\Django\Lib\site-packages\django\db\models\functions\text.py first seen with mtime 1648413403.8016553
2022-06-24 15:40:10,482:DEBUG:File C:\Django\Lib\site-packages\django\contrib\admin\templatetags\admin_urls.py first seen with mtime 1648413401.2445674
2022-06-24 15:40:10,482:DEBUG:File C:\Django\Lib\site-packages\django\template\backends\base.py first seen with mtime 1648413403.8993938
2022-06-24 15:40:10,482:DEBUG:File C:\Django\Lib\site-packages\django\core\files\uploadedfile.py first seen with mtime 1648413403.6620293
2022-06-24 15:40:10,482:DEBUG:File C:\Django\Lib\site-packages\django\contrib\contenttypes\forms.py first seen with mtime 1648413401.7066953
2022-06-24 15:40:10,482:DEBUG:File C:\Program Files\WindowsApps\PythonSoftwareFoundation.Python.3.10_3.10.1520.0_x64__qbz5n2kfra8p0\Lib\encodings\cp1252.py first seen with mtime 1648394697.731086
2022-06-24 15:40:10,483:DEBUG:File C:\Django\Lib\site-packages\django\views\__init__.py first seen with mtime 1648413403.9612286
2022-06-24 15:40:10,483:DEBUG:File C:\Program Files\WindowsApps\PythonSoftwareFoundation.Python.3.10_3.10.1520.0_x64__qbz5n2kfra8p0\Lib\asyncio\__init__.py first seen with mtime 1648394697.0247552
2022-06-24 15:40:10,483:DEBUG:File C:\Projects\mysite\core\views.py first seen with mtime 1656068746.391649
2022-06-24 15:40:10,483:DEBUG:File C:\Program Files\WindowsApps\PythonSoftwareFoundation.Python.3.10_3.10.1520.0_x64__qbz5n2kfra8p0\Lib\plistlib.py first seen with mtime 1648394698.7620785
2022-06-24 15:40:10,483:DEBUG:File C:\Program Files\WindowsApps\PythonSoftwareFoundation.Python.3.10_3.10.1520.0_x64__qbz5n2kfra8p0\Lib\unittest\signals.py first seen with mtime 1648394700.8068206
2022-06-24 15:40:10,483:DEBUG:File C:\Django\Lib\site-packages\django\core\files\uploadhandler.py first seen with mtime 1648413403.6620293
2022-06-24 15:40:10,483:DEBUG:File C:\Django\Lib\site-packages\django\urls\__init__.py first seen with mtime 1648413403.9233303
2022-06-24 15:40:10,483:DEBUG:File C:\Django\Lib\site-packages\django\contrib\admin\views\autocomplete.py first seen with mtime 1648413401.2465625
2022-06-24 15:40:10,483:DEBUG:File C:\Django\Lib\site-packages\sqlparse\formatter.py first seen with mtime 1648413399.8384788
2022-06-24 15:40:10,484:DEBUG:File C:\Program Files\WindowsApps\PythonSoftwareFoundation.Python.3.10_3.10.1520.0_x64__qbz5n2kfra8p0\DLLs\_uuid.pyd first seen with mtime 1654628024.5071213
2022-06-24 15:40:10,484:DEBUG:File C:\Django\Lib\site-packages\django\utils\module_loading.py first seen with mtime 1648413403.947267
2022-06-24 15:40:10,484:DEBUG:File C:\Django\Lib\site-packages\django\db\backends\sqlite3\schema.py first seen with mtime 1648413403.7587707
2022-06-24 15:40:10,484:DEBUG:File C:\Django\Lib\site-packages\django\views\decorators\csrf.py first seen with mtime 1648413403.9712033
2022-06-24 15:40:10,484:DEBUG:File C:\Django\Lib\site-packages\django\views\generic\list.py first seen with mtime 1648413403.9771862
2022-06-24 15:40:10,484:DEBUG:File C:\Django\Lib\site-packages\django\core\files\images.py first seen with mtime 1648413403.658039
2022-06-24 15:40:10,484:DEBUG:File C:\Program Files\WindowsApps\PythonSoftwareFoundation.Python.3.10_3.10.1520.0_x64__qbz5n2kfra8p0\Lib\_sitebuiltins.py first seen with mtime 1648394700.9933214
2022-06-24 15:40:10,484:DEBUG:File C:\Django\Lib\site-packages\sqlparse\lexer.py first seen with mtime 1648413399.8404734
2022-06-24 15:40:10,484:DEBUG:File C:\Django\Lib\site-packages\django\db\models\functions\datetime.py first seen with mtime 1648413403.7996604
2022-06-24 15:40:10,484:DEBUG:File C:\Program Files\WindowsApps\PythonSoftwareFoundation.Python.3.10_3.10.1520.0_x64__qbz5n2kfra8p0\Lib\email\__init__.py first seen with mtime 1648394697.6692514
2022-06-24 15:40:10,485:DEBUG:File C:\Program Files\WindowsApps\PythonSoftwareFoundation.Python.3.10_3.10.1520.0_x64__qbz5n2kfra8p0\Lib\posixpath.py first seen with mtime 1648394698.7630758
2022-06-24 15:40:10,485:DEBUG:File C:\Program Files\WindowsApps\PythonSoftwareFoundation.Python.3.10_3.10.1520.0_x64__qbz5n2kfra8p0\Lib\nturl2path.py first seen with mtime 1648394698.7491188
2022-06-24 15:40:10,485:DEBUG:File C:\Program Files\WindowsApps\PythonSoftwareFoundation.Python.3.10_3.10.1520.0_x64__qbz5n2kfra8p0\DLLs\select.pyd first seen with mtime 1654628024.2099717
2022-06-24 15:40:10,485:DEBUG:File C:\Django\Lib\site-packages\django\core\files\locks.py first seen with mtime 1648413403.6590369
2022-06-24 15:40:10,485:DEBUG:File C:\Django\Lib\site-packages\django\core\cache\backends\locmem.py first seen with mtime 1648413403.6420817
2022-06-24 15:40:10,485:DEBUG:File C:\Django\Lib\site-packages\django\core\checks\security\base.py first seen with mtime 1648413403.6550472
2022-06-24 15:40:10,485:DEBUG:File C:\Program Files\WindowsApps\PythonSoftwareFoundation.Python.3.10_3.10.1520.0_x64__qbz5n2kfra8p0\DLLs\pyexpat.pyd first seen with mtime 1654628024.152436
2022-06-24 15:40:10,485:DEBUG:File C:\Django\Lib\site-packages\sqlparse\filters\others.py first seen with mtime 1648413399.8494508
2022-06-24 15:40:10,485:DEBUG:File C:\Django\Lib\site-packages\django\contrib\admin\models.py first seen with mtime 1648413400.6283674
2022-06-24 15:40:10,485:DEBUG:File C:\Program Files\WindowsApps\PythonSoftwareFoundation.Python.3.10_3.10.1520.0_x64__qbz5n2kfra8p0\Lib\email\_policybase.py first seen with mtime 1648394697.6682541
2022-06-24 15:40:10,486:DEBUG:File C:\Program Files\WindowsApps\PythonSoftwareFoundation.Python.3.10_3.10.1520.0_x64__qbz5n2kfra8p0\Lib\__future__.py first seen with mtime 1648394700.9953167
2022-06-24 15:40:10,486:DEBUG:File C:\Django\Lib\site-packages\django\db\migrations\recorder.py first seen with mtime 1648413403.7657518
2022-06-24 15:40:10,486:DEBUG:File C:\Django\Lib\site-packages\django\contrib\contenttypes\checks.py first seen with mtime 1648413401.7047007
2022-06-24 15:40:10,486:DEBUG:File C:\Django\Lib\site-packages\django\views\generic\base.py first seen with mtime 1648413403.9741943
2022-06-24 15:40:10,486:DEBUG:File C:\Django\Lib\site-packages\django\db\models\lookups.py first seen with mtime 1648413403.7866957
2022-06-24 15:40:10,486:DEBUG:File C:\Django\Lib\site-packages\sqlparse\engine\statement_splitter.py first seen with mtime 1648413399.8444633
2022-06-24 15:40:10,486:DEBUG:File C:\Django\Lib\site-packages\django\contrib\auth\migrations\__init__.py first seen with mtime 1648413401.698717
2022-06-24 15:40:10,486:DEBUG:File C:\Program Files\WindowsApps\PythonSoftwareFoundation.Python.3.10_3.10.1520.0_x64__qbz5n2kfra8p0\Lib\unittest\result.py first seen with mtime 1648394700.805823
2022-06-24 15:40:10,486:DEBUG:File C:\Django\Lib\site-packages\django\db\models\utils.py first seen with mtime 1648413403.7906854
2022-06-24 15:40:10,486:DEBUG:File C:\Django\Lib\site-packages\pkg_resources\extern\__init__.py first seen with mtime 1648413345.2582731
2022-06-24 15:40:10,486:DEBUG:File C:\Django\Lib\site-packages\django\contrib\sessions\models.py first seen with mtime 1648413403.1438744
2022-06-24 15:40:10,487:DEBUG:File C:\Django\Lib\site-packages\django\core\checks\model_checks.py first seen with mtime 1648413403.6470685
2022-06-24 15:40:10,487:DEBUG:File C:\Django\Lib\site-packages\django\contrib\auth\migrations\0009_alter_user_last_name_max_length.py first seen with mtime 1648413401.6947277
2022-06-24 15:40:10,487:DEBUG:File C:\Django\Lib\site-packages\django\utils\termcolors.py first seen with mtime 1648413403.9492607
2022-06-24 15:40:10,487:DEBUG:File C:\Django\Lib\site-packages\django\contrib\contenttypes\migrations\0002_remove_content_type_name.py first seen with mtime 1648413401.9231174
2022-06-24 15:40:10,487:DEBUG:File C:\Program Files\WindowsApps\PythonSoftwareFoundation.Python.3.10_3.10.1520.0_x64__qbz5n2kfra8p0\Lib\email\errors.py first seen with mtime 1648394697.643322
2022-06-24 15:40:10,487:DEBUG:File C:\Program Files\WindowsApps\PythonSoftwareFoundation.Python.3.10_3.10.1520.0_x64__qbz5n2kfra8p0\Lib\pprint.py first seen with mtime 1648394698.7630758
2022-06-24 15:40:10,487:DEBUG:File C:\Program Files\WindowsApps\PythonSoftwareFoundation.Python.3.10_3.10.1520.0_x64__qbz5n2kfra8p0\Lib\statistics.py first seen with mtime 1648394700.6901326
2022-06-24 15:40:10,487:DEBUG:File C:\Django\Lib\site-packages\django\contrib\auth\base_user.py first seen with mtime 1648413401.4759736
2022-06-24 15:40:10,487:DEBUG:File C:\Django\Lib\site-packages\django\core\serializers\base.py first seen with mtime 1648413403.705912
2022-06-24 15:40:10,487:DEBUG:File C:\Program Files\WindowsApps\PythonSoftwareFoundation.Python.3.10_3.10.1520.0_x64__qbz5n2kfra8p0\Lib\bz2.py first seen with mtime 1648394697.4229097
2022-06-24 15:40:10,488:DEBUG:File C:\Django\Lib\site-packages\django\contrib\auth\signals.py first seen with mtime 1648413401.4829516
2022-06-24 15:40:10,488:DEBUG:File C:\Program Files\WindowsApps\PythonSoftwareFoundation.Python.3.10_3.10.1520.0_x64__qbz5n2kfra8p0\Lib\concurrent\futures\thread.py first seen with mtime 1648394697.4348779
2022-06-24 15:40:10,488:DEBUG:File C:\Django\Lib\site-packages\django\utils\asyncio.py first seen with mtime 1648413403.9293144
2022-06-24 15:40:10,488:DEBUG:File C:\Django\Lib\site-packages\django\contrib\auth\migrations\0003_alter_user_email_max_length.py first seen with mtime 1648413401.6907384
2022-06-24 15:40:10,488:DEBUG:File C:\Program Files\WindowsApps\PythonSoftwareFoundation.Python.3.10_3.10.1520.0_x64__qbz5n2kfra8p0\Lib\encodings\__init__.py first seen with mtime 1648394697.8158598
2022-06-24 15:40:10,488:DEBUG:File C:\Program Files\WindowsApps\PythonSoftwareFoundation.Python.3.10_3.10.1520.0_x64__qbz5n2kfra8p0\Lib\argparse.py first seen with mtime 1654628024.5804515
2022-06-24 15:40:10,488:DEBUG:File C:\Program Files\WindowsApps\PythonSoftwareFoundation.Python.3.10_3.10.1520.0_x64__qbz5n2kfra8p0\Lib\string.py first seen with mtime 1648394700.69113
2022-06-24 15:40:10,488:DEBUG:File C:\Program Files\WindowsApps\PythonSoftwareFoundation.Python.3.10_3.10.1520.0_x64__qbz5n2kfra8p0\Lib\zoneinfo\_tzpath.py first seen with mtime 1648394700.977365
2022-06-24 15:40:10,488:DEBUG:File C:\Django\Lib\site-packages\django\contrib\admin\migrations\0003_logentry_add_action_flag_choices.py first seen with mtime 1648413401.0119622
2022-06-24 15:40:10,488:DEBUG:File C:\Django\Lib\site-packages\django\db\models\expressions.py first seen with mtime 1648413403.782706
2022-06-24 15:40:10,488:DEBUG:File C:\Django\Lib\site-packages\django\core\files\__init__.py first seen with mtime 1648413403.6570487
2022-06-24 15:40:10,489:DEBUG:File C:\Program Files\WindowsApps\PythonSoftwareFoundation.Python.3.10_3.10.1520.0_x64__qbz5n2kfra8p0\Lib\ctypes\__init__.py first seen with mtime 1648394697.4608085
2022-06-24 15:40:10,489:DEBUG:File C:\Django\Lib\site-packages\django\core\validators.py first seen with mtime 1648413403.6341038
2022-06-24 15:40:10,489:DEBUG:File C:\Projects\mysite\core\signals.py first seen with mtime 1656070594.740124
2022-06-24 15:40:10,489:DEBUG:File C:\Django\Lib\site-packages\django\urls\resolvers.py first seen with mtime 1648413403.9263227
2022-06-24 15:40:10,489:DEBUG:File C:\Program Files\WindowsApps\PythonSoftwareFoundation.Python.3.10_3.10.1520.0_x64__qbz5n2kfra8p0\Lib\email\headerregistry.py first seen with mtime 1648394697.6453154
2022-06-24 15:40:10,489:DEBUG:File C:\Django\Lib\site-packages\django\contrib\staticfiles\handlers.py first seen with mtime 1648413403.6161528
2022-06-24 15:40:10,489:DEBUG:File C:\Program Files\WindowsApps\PythonSoftwareFoundation.Python.3.10_3.10.1520.0_x64__qbz5n2kfra8p0\Lib\os.py first seen with mtime 1648394698.7531054
2022-06-24 15:40:10,489:DEBUG:File C:\Program Files\WindowsApps\PythonSoftwareFoundation.Python.3.10_3.10.1520.0_x64__qbz5n2kfra8p0\Lib\wsgiref\__init__.py first seen with mtime 1648394700.8836153
2022-06-24 15:40:10,490:DEBUG:File C:\Django\Lib\site-packages\django\core\management\__init__.py first seen with mtime 1648413403.6739967
2022-06-24 15:40:10,490:DEBUG:File C:\Django\Lib\site-packages\django\core\checks\database.py first seen with mtime 1648413403.645074
2022-06-24 15:40:10,490:DEBUG:File C:\Django\Lib\site-packages\django\contrib\messages\storage\__init__.py first seen with mtime 1648413402.6815996
2022-06-24 15:40:10,490:DEBUG:File C:\Django\Lib\site-packages\django\db\migrations\utils.py first seen with mtime 1648413403.7687466
2022-06-24 15:40:10,490:DEBUG:File C:\Program Files\WindowsApps\PythonSoftwareFoundation.Python.3.10_3.10.1520.0_x64__qbz5n2kfra8p0\Lib\asyncio\threads.py first seen with mtime 1648394697.019769
2022-06-24 15:40:10,490:DEBUG:File C:\Django\Lib\site-packages\django\core\signing.py first seen with mtime 1648413403.6331067
2022-06-24 15:40:10,490:DEBUG:File C:\Django\Lib\site-packages\django\core\mail\utils.py first seen with mtime 1648413403.66901
2022-06-24 15:40:10,490:DEBUG:File C:\Django\Lib\site-packages\django\core\checks\security\csrf.py first seen with mtime 1648413403.6550472
2022-06-24 15:40:10,490:DEBUG:File C:\Django\Lib\site-packages\django\core\handlers\wsgi.py first seen with mtime 1648413403.6670148
2022-06-24 15:40:10,490:DEBUG:File C:\Django\Lib\site-packages\django\utils\encoding.py first seen with mtime 1648413403.938291
2022-06-24 15:40:10,491:DEBUG:File C:\Django\Lib\site-packages\django\utils\translation\__init__.py first seen with mtime 1648413403.956243
2022-06-24 15:40:10,491:DEBUG:File C:\Django\Lib\site-packages\django\utils\log.py first seen with mtime 1648413403.9452713
2022-06-24 15:40:10,491:DEBUG:File C:\Django\Lib\site-packages\django\contrib\admin\views\main.py first seen with mtime 1648413401.2485595
2022-06-24 15:40:10,491:DEBUG:File C:\Django\Lib\site-packages\django\template\defaultfilters.py first seen with mtime 1648413403.8904183
2022-06-24 15:40:10,491:DEBUG:File C:\Django\Lib\site-packages\django\template\engine.py first seen with mtime 1648413403.8924134
2022-06-24 15:40:10,491:DEBUG:File C:\Django\Lib\site-packages\django\contrib\auth\decorators.py first seen with mtime 1648413401.4789636
2022-06-24 15:40:10,491:DEBUG:File C:\Program Files\WindowsApps\PythonSoftwareFoundation.Python.3.10_3.10.1520.0_x64__qbz5n2kfra8p0\Lib\textwrap.py first seen with mtime 1648394700.699108
2022-06-24 15:40:10,491:DEBUG:File C:\Django\Lib\site-packages\django\core\management\commands\__init__.py first seen with mtime 1648413403.679984
2022-06-24 15:40:10,491:DEBUG:File C:\Django\Lib\site-packages\django\contrib\auth\migrations\0012_alter_user_first_name_max_length.py first seen with mtime 1648413401.6977217
2022-06-24 15:40:10,492:DEBUG:File C:\Program Files\WindowsApps\PythonSoftwareFoundation.Python.3.10_3.10.1520.0_x64__qbz5n2kfra8p0\Lib\collections\abc.py first seen with mtime 1648394697.4288962
2022-06-24 15:40:10,492:DEBUG:File C:\Django\Lib\site-packages\django\contrib\staticfiles\finders.py first seen with mtime 1648413403.6151536
2022-06-24 15:40:10,492:DEBUG:File C:\Program Files\WindowsApps\PythonSoftwareFoundation.Python.3.10_3.10.1520.0_x64__qbz5n2kfra8p0\Lib\asyncio\streams.py first seen with mtime 1648394697.016777
2022-06-24 15:40:10,492:DEBUG:File C:\Program Files\WindowsApps\PythonSoftwareFoundation.Python.3.10_3.10.1520.0_x64__qbz5n2kfra8p0\Lib\pickle.py first seen with mtime 1648394698.758091
2022-06-24 15:40:10,492:DEBUG:File C:\Django\Lib\site-packages\django\db\backends\base\__init__.py first seen with mtime 1648413403.7198775
2022-06-24 15:40:10,492:DEBUG:File C:\Program Files\WindowsApps\PythonSoftwareFoundation.Python.3.10_3.10.1520.0_x64__qbz5n2kfra8p0\DLLs\_overlapped.pyd first seen with mtime 1654628024.3953986
2022-06-24 15:40:10,492:DEBUG:File C:\Program Files\WindowsApps\PythonSoftwareFoundation.Python.3.10_3.10.1520.0_x64__qbz5n2kfra8p0\Lib\asyncio\base_tasks.py first seen with mtime 1648394696.993839
2022-06-24 15:40:10,492:DEBUG:File C:\Django\Lib\site-packages\django\forms\renderers.py first seen with mtime 1648413403.8126261
2022-06-24 15:40:10,492:DEBUG:File C:\Django\Lib\site-packages\sqlparse\exceptions.py first seen with mtime 1648413399.8374875
2022-06-24 15:40:10,492:DEBUG:File C:\Django\Lib\site-packages\django\db\backends\base\introspection.py first seen with mtime 1648413403.7238636
2022-06-24 15:40:10,493:DEBUG:File C:\Program Files\WindowsApps\PythonSoftwareFoundation.Python.3.10_3.10.1520.0_x64__qbz5n2kfra8p0\Lib\secrets.py first seen with mtime 1648394698.816932
2022-06-24 15:40:10,493:DEBUG:File C:\Django\Lib\site-packages\django\contrib\admin\apps.py first seen with mtime 1648413400.6243775
2022-06-24 15:40:10,493:DEBUG:File C:\Program Files\WindowsApps\PythonSoftwareFoundation.Python.3.10_3.10.1520.0_x64__qbz5n2kfra8p0\Lib\site.py first seen with mtime 1648394700.677167
2022-06-24 15:40:10,493:DEBUG:File C:\Django\Lib\site-packages\django\views\decorators\__init__.py first seen with mtime 1648413403.967213
2022-06-24 15:40:10,493:DEBUG:File C:\Django\Lib\site-packages\crispy_forms\layout.py first seen with mtime 1654184826.943515
2022-06-24 15:40:10,493:DEBUG:File C:\Program Files\WindowsApps\PythonSoftwareFoundation.Python.3.10_3.10.1520.0_x64__qbz5n2kfra8p0\Lib\email\mime\__init__.py first seen with mtime 1654628021.7559054
2022-06-24 15:40:10,493:DEBUG:File C:\Django\Lib\site-packages\django\contrib\auth\migrations\0008_alter_user_username_max_length.py first seen with mtime 1648413401.6937304
2022-06-24 15:40:10,493:DEBUG:File C:\Django\Lib\site-packages\sqlparse\__init__.py first seen with mtime 1648413399.8334947
2022-06-24 15:40:10,494:DEBUG:File C:\Django\Lib\site-packages\django\contrib\auth\mixins.py first seen with mtime 1648413401.480957
2022-06-24 15:40:10,494:DEBUG:File C:\Program Files\WindowsApps\PythonSoftwareFoundation.Python.3.10_3.10.1520.0_x64__qbz5n2kfra8p0\Lib\copy.py first seen with mtime 1648394697.449838
2022-06-24 15:40:10,494:DEBUG:File C:\Django\Lib\site-packages\django\contrib\contenttypes\models.py first seen with mtime 1648413401.7066953
2022-06-24 15:40:10,494:DEBUG:File C:\Django\Lib\site-packages\django\contrib\sessions\apps.py first seen with mtime 1648413403.1398838
2022-06-24 15:40:10,494:DEBUG:File C:\Program Files\WindowsApps\PythonSoftwareFoundation.Python.3.10_3.10.1520.0_x64__qbz5n2kfra8p0\Lib\zoneinfo\__init__.py first seen with mtime 1648394700.9783618
2022-06-24 15:40:10,494:DEBUG:File C:\Program Files\WindowsApps\PythonSoftwareFoundation.Python.3.10_3.10.1520.0_x64__qbz5n2kfra8p0\Lib\html\__init__.py first seen with mtime 1648394698.04425
2022-06-24 15:40:10,494:DEBUG:File C:\Program Files\WindowsApps\PythonSoftwareFoundation.Python.3.10_3.10.1520.0_x64__qbz5n2kfra8p0\Lib\heapq.py first seen with mtime 1648394698.042256
2022-06-24 15:40:10,494:DEBUG:File C:\Django\Lib\site-packages\django\urls\converters.py first seen with mtime 1648413403.9243276
2022-06-24 15:40:10,494:DEBUG:File C:\Django\Lib\site-packages\django\core\cache\__init__.py first seen with mtime 1648413403.6351013
2022-06-24 15:40:10,494:DEBUG:File C:\Program Files\WindowsApps\PythonSoftwareFoundation.Python.3.10_3.10.1520.0_x64__qbz5n2kfra8p0\Lib\uuid.py first seen with mtime 1648394700.856687
2022-06-24 15:40:10,495:DEBUG:File C:\Django\Lib\site-packages\django\templatetags\static.py first seen with mtime 1648413403.9133568
2022-06-24 15:40:10,495:DEBUG:File C:\Django\Lib\site-packages\sqlparse\tokens.py first seen with mtime 1648413399.8414702
2022-06-24 15:40:10,495:DEBUG:File C:\Program Files\WindowsApps\PythonSoftwareFoundation.Python.3.10_3.10.1520.0_x64__qbz5n2kfra8p0\Lib\asyncio\transports.py first seen with mtime 1648394697.020767
2022-06-24 15:40:10,495:DEBUG:File C:\Program Files\WindowsApps\PythonSoftwareFoundation.Python.3.10_3.10.1520.0_x64__qbz5n2kfra8p0\Lib\urllib\__init__.py first seen with mtime 1654628021.8149307
2022-06-24 15:40:10,495:DEBUG:File C:\Django\Lib\site-packages\crispy_forms\templatetags\crispy_forms_tags.py first seen with mtime 1654184827.0423975
2022-06-24 15:40:10,495:DEBUG:File C:\Django\Lib\site-packages\pkg_resources\_vendor\packaging\markers.py first seen with mtime 1648413345.2512915
2022-06-24 15:40:10,495:DEBUG:File C:\Program Files\WindowsApps\PythonSoftwareFoundation.Python.3.10_3.10.1520.0_x64__qbz5n2kfra8p0\Lib\asyncio\runners.py first seen with mtime 1648394697.0127895
2022-06-24 15:40:10,495:DEBUG:File C:\Django\Lib\site-packages\django\templatetags\cache.py first seen with mtime 1648413403.9123597
2022-06-24 15:40:10,495:DEBUG:File C:\Django\Lib\site-packages\django\conf\urls\static.py first seen with mtime 1648413400.6223834
2022-06-24 15:40:10,495:DEBUG:File C:\Django\Lib\site-packages\django\db\backends\__init__.py first seen with mtime 1648413403.715886
2022-06-24 15:40:10,496:DEBUG:File C:\Django\Lib\site-packages\django\template\defaulttags.py first seen with mtime 1648413403.891417
2022-06-24 15:40:10,496:DEBUG:File C:\Program Files\WindowsApps\PythonSoftwareFoundation.Python.3.10_3.10.1520.0_x64__qbz5n2kfra8p0\Lib\keyword.py first seen with mtime 1648394698.5326986
2022-06-24 15:40:10,496:DEBUG:File C:\Django\Lib\site-packages\django\db\models\base.py first seen with mtime 1648413403.7777202
2022-06-24 15:40:10,496:DEBUG:File C:\Django\Lib\site-packages\django\db\utils.py first seen with mtime 1648413403.7148879
2022-06-24 15:40:10,496:DEBUG:File C:\Django\Lib\site-packages\django\middleware\cache.py first seen with mtime 1648413403.879447
2022-06-24 15:40:10,496:DEBUG:File C:\Django\Lib\site-packages\django\template\backends\__init__.py first seen with mtime 1648413403.8993938
2022-06-24 15:40:10,496:DEBUG:File C:\Django\Lib\site-packages\django\contrib\contenttypes\migrations\__init__.py first seen with mtime 1648413401.9241142
2022-06-24 15:40:10,496:DEBUG:File C:\Django\Lib\site-packages\django\utils\lorem_ipsum.py first seen with mtime 1648413403.9462683
2022-06-24 15:40:10,496:DEBUG:File C:\Django\Lib\site-packages\django\db\backends\base\client.py first seen with mtime 1648413403.7218685
2022-06-24 15:40:10,496:DEBUG:File C:\Program Files\WindowsApps\PythonSoftwareFoundation.Python.3.10_3.10.1520.0_x64__qbz5n2kfra8p0\Lib\abc.py first seen with mtime 1648394696.9778812
2022-06-24 15:40:10,496:DEBUG:File C:\Django\Lib\site-packages\django\middleware\common.py first seen with mtime 1648413403.881443
2022-06-24 15:40:10,497:DEBUG:File C:\Django\Lib\site-packages\pkg_resources\_vendor\packaging\utils.py first seen with mtime 1648413345.2562795
2022-06-24 15:40:10,497:DEBUG:File C:\Django\Lib\site-packages\django\db\models\sql\where.py first seen with mtime 1648413403.8066418
2022-06-24 15:40:10,497:DEBUG:File C:\Program Files\WindowsApps\PythonSoftwareFoundation.Python.3.10_3.10.1520.0_x64__qbz5n2kfra8p0\Lib\asyncio\proactor_events.py first seen with mtime 1648394697.0097964
2022-06-24 15:40:10,497:DEBUG:File C:\Django\Lib\site-packages\django\forms\__init__.py first seen with mtime 1648413403.809634
2022-06-24 15:40:10,497:DEBUG:File C:\Program Files\WindowsApps\PythonSoftwareFoundation.Python.3.10_3.10.1520.0_x64__qbz5n2kfra8p0\Lib\sre_parse.py first seen with mtime 1654628038.2244165
2022-06-24 15:40:10,497:DEBUG:File C:\Program Files\WindowsApps\PythonSoftwareFoundation.Python.3.10_3.10.1520.0_x64__qbz5n2kfra8p0\Lib\xml\__init__.py first seen with mtime 1648394700.972378
2022-06-24 15:40:10,497:DEBUG:File C:\Program Files\WindowsApps\PythonSoftwareFoundation.Python.3.10_3.10.1520.0_x64__qbz5n2kfra8p0\Lib\email\quoprimime.py first seen with mtime 1648394697.6642647
2022-06-24 15:40:10,497:DEBUG:File C:\Django\Lib\site-packages\pkg_resources\_vendor\packaging\_compat.py first seen with mtime 1648413345.249297
2022-06-24 15:40:10,497:DEBUG:File C:\Django\Lib\site-packages\django\db\backends\base\creation.py first seen with mtime 1648413403.7218685
2022-06-24 15:40:10,497:DEBUG:File C:\Django\Lib\site-packages\django\utils\dateparse.py first seen with mtime 1648413403.934301
2022-06-24 15:40:10,497:DEBUG:File C:\Django\Lib\site-packages\django\contrib\admin\templatetags\admin_list.py first seen with mtime 1648413401.2435713
2022-06-24 15:40:10,498:DEBUG:File C:\Django\Lib\site-packages\asgiref\__init__.py first seen with mtime 1648413400.1267078
2022-06-24 15:40:10,498:DEBUG:File C:\Django\Lib\site-packages\django\db\backends\sqlite3\base.py first seen with mtime 1648413403.7537832
2022-06-24 15:40:10,498:DEBUG:File C:\Django\Lib\site-packages\django\contrib\auth\migrations\0006_require_contenttypes_0002.py first seen with mtime 1648413401.6927323
2022-06-24 15:40:10,498:DEBUG:File C:\Program Files\WindowsApps\PythonSoftwareFoundation.Python.3.10_3.10.1520.0_x64__qbz5n2kfra8p0\Lib\types.py first seen with mtime 1648394700.7988417
2022-06-24 15:40:10,498:DEBUG:File C:\Program Files\WindowsApps\PythonSoftwareFoundation.Python.3.10_3.10.1520.0_x64__qbz5n2kfra8p0\Lib\stat.py first seen with mtime 1648394700.6891353
2022-06-24 15:40:10,498:DEBUG:File C:\Django\Lib\site-packages\django\utils\http.py first seen with mtime 1648413403.94228
2022-06-24 15:40:10,498:DEBUG:File C:\Django\Lib\site-packages\django\db\models\fields\related.py first seen with mtime 1648413403.794674
2022-06-24 15:40:10,498:DEBUG:File C:\Django\Lib\site-packages\django\core\checks\security\__init__.py first seen with mtime 1648413403.6530523
2022-06-24 15:40:10,498:DEBUG:File C:\Django\Lib\site-packages\pkg_resources\_vendor\packaging\_typing.py first seen with mtime 1648413345.2512915
2022-06-24 15:40:10,498:DEBUG:File C:\Django\Lib\site-packages\django\contrib\sessions\backends\base.py first seen with mtime 1648413403.1468656
2022-06-24 15:40:10,498:DEBUG:File C:\Django\Lib\site-packages\django\views\defaults.py first seen with mtime 1648413403.9642246
2022-06-24 15:40:10,499:DEBUG:File C:\Django\Lib\site-packages\django\contrib\auth\migrations\0004_alter_user_username_opts.py first seen with mtime 1648413401.6907384
2022-06-24 15:40:10,499:DEBUG:File C:\Django\Lib\site-packages\django\http\__init__.py first seen with mtime 1648413403.8754582
2022-06-24 15:40:10,499:DEBUG:File C:\Django\Lib\site-packages\django\template\utils.py first seen with mtime 1648413403.898397
2022-06-24 15:40:10,499:DEBUG:File C:\Django\Lib\site-packages\django\utils\version.py first seen with mtime 1648413403.955246
2022-06-24 15:40:10,499:DEBUG:File C:\Program Files\WindowsApps\PythonSoftwareFoundation.Python.3.10_3.10.1520.0_x64__qbz5n2kfra8p0\Lib\json\encoder.py first seen with mtime 1648394698.5187356
2022-06-24 15:40:10,499:DEBUG:File C:\Django\Lib\site-packages\django\contrib\staticfiles\management\commands\runserver.py first seen with mtime 1648413403.6261263
2022-06-24 15:40:10,499:DEBUG:File C:\Django\Lib\site-packages\sqlparse\filters\aligned_indent.py first seen with mtime 1648413399.8484545
2022-06-24 15:40:10,499:DEBUG:File C:\Program Files\WindowsApps\PythonSoftwareFoundation.Python.3.10_3.10.1520.0_x64__qbz5n2kfra8p0\Lib\email\mime\multipart.py first seen with mtime 1648394697.649305
2022-06-24 15:40:10,499:DEBUG:File C:\Django\Lib\site-packages\django\db\backends\ddl_references.py first seen with mtime 1648413403.7168825
2022-06-24 15:40:10,499:DEBUG:File C:\Django\Lib\site-packages\django\contrib\__init__.py first seen with mtime 1648413400.6223834
2022-06-24 15:40:10,499:DEBUG:File C:\Django\Lib\site-packages\django\db\models\fields\related_lookups.py first seen with mtime 1648413403.7966685
2022-06-24 15:40:10,500:DEBUG:File C:\Program Files\WindowsApps\PythonSoftwareFoundation.Python.3.10_3.10.1520.0_x64__qbz5n2kfra8p0\Lib\asyncio\queues.py first seen with mtime 1648394697.0107927
2022-06-24 15:40:10,500:DEBUG:File C:\Django\Lib\site-packages\django\utils\html.py first seen with mtime 1648413403.941282
2022-06-24 15:40:10,500:DEBUG:File C:\Program Files\WindowsApps\PythonSoftwareFoundation.Python.3.10_3.10.1520.0_x64__qbz5n2kfra8p0\Lib\email\parser.py first seen with mtime 1648394697.6622722
2022-06-24 15:40:10,500:DEBUG:File C:\Django\Lib\site-packages\django\db\models\fields\files.py first seen with mtime 1648413403.7926793
2022-06-24 15:40:10,500:DEBUG:File C:\Django\Lib\site-packages\django\core\checks\templates.py first seen with mtime 1648413403.6490638
2022-06-24 15:40:10,500:DEBUG:File C:\Django\Lib\site-packages\django\core\serializers\__init__.py first seen with mtime 1648413403.7049139
2022-06-24 15:40:10,500:DEBUG:File C:\Program Files\WindowsApps\PythonSoftwareFoundation.Python.3.10_3.10.1520.0_x64__qbz5n2kfra8p0\Lib\fractions.py first seen with mtime 1648394698.031284
2022-06-24 15:40:10,500:DEBUG:File C:\Django\Lib\site-packages\django\core\checks\__init__.py first seen with mtime 1648413403.6440763
2022-06-24 15:40:10,500:DEBUG:File C:\Django\Lib\site-packages\django\contrib\messages\__init__.py first seen with mtime 1648413402.673621
2022-06-24 15:40:10,500:DEBUG:File C:\Program Files\WindowsApps\PythonSoftwareFoundation.Python.3.10_3.10.1520.0_x64__qbz5n2kfra8p0\Lib\asyncio\events.py first seen with mtime 1648394696.999825
2022-06-24 15:40:10,501:DEBUG:File C:\Django\Lib\site-packages\django\db\models\functions\comparison.py first seen with mtime 1648413403.7996604
2022-06-24 15:40:10,501:DEBUG:File C:\Django\Lib\site-packages\django\template\loaders\__init__.py first seen with mtime 1648413403.9043827
2022-06-24 15:40:10,501:DEBUG:File C:\Django\Lib\site-packages\django\utils\formats.py first seen with mtime 1648413403.9392877
2022-06-24 15:40:10,501:DEBUG:File C:\Django\Lib\site-packages\django\utils\_os.py first seen with mtime 1648413403.9283173
2022-06-24 15:40:10,501:DEBUG:File C:\Django\Lib\site-packages\crispy_forms\helper.py first seen with mtime 1654184826.9425223
2022-06-24 15:40:10,501:DEBUG:File C:\Django\Lib\site-packages\django\utils\timezone.py first seen with mtime 1648413403.9522526
2022-06-24 15:40:10,501:DEBUG:File C:\Program Files\WindowsApps\PythonSoftwareFoundation.Python.3.10_3.10.1520.0_x64__qbz5n2kfra8p0\Lib\difflib.py first seen with mtime 1654628024.6236336
2022-06-24 15:40:10,501:DEBUG:File C:\Program Files\WindowsApps\PythonSoftwareFoundation.Python.3.10_3.10.1520.0_x64__qbz5n2kfra8p0\Lib\asyncio\format_helpers.py first seen with mtime 1648394697.0028155
2022-06-24 15:40:10,501:DEBUG:File C:\Django\Lib\site-packages\django\db\migrations\operations\special.py first seen with mtime 1648413403.7747273
2022-06-24 15:40:10,501:DEBUG:File C:\Django\Lib\site-packages\django\contrib\auth\migrations\0011_update_proxy_permissions.py first seen with mtime 1648413401.6957273
2022-06-24 15:40:10,502:DEBUG:File C:\Django\Lib\site-packages\django\utils\topological_sort.py first seen with mtime 1648413403.9532528
2022-06-24 15:40:10,502:DEBUG:File C:\Program Files\WindowsApps\PythonSoftwareFoundation.Python.3.10_3.10.1520.0_x64__qbz5n2kfra8p0\Lib\quopri.py first seen with mtime 1648394698.8139398
2022-06-24 15:40:10,502:DEBUG:File C:\Django\Lib\site-packages\django\db\migrations\operations\fields.py first seen with mtime 1648413403.7737298
2022-06-24 15:40:10,502:DEBUG:File C:\Django\Lib\site-packages\django\contrib\staticfiles\__init__.py first seen with mtime 1648413403.6111655
2022-06-24 15:40:10,502:DEBUG:File C:\Django\Lib\site-packages\django\template\backends\django.py first seen with mtime 1648413403.9003925
2022-06-24 15:40:10,502:DEBUG:File C:\Program Files\WindowsApps\PythonSoftwareFoundation.Python.3.10_3.10.1520.0_x64__qbz5n2kfra8p0\Lib\asyncio\tasks.py first seen with mtime 1648394697.0187714
2022-06-24 15:40:10,502:DEBUG:File C:\Django\Lib\site-packages\django\urls\exceptions.py first seen with mtime 1648413403.925325
2022-06-24 15:40:10,502:DEBUG:File C:\Django\Lib\site-packages\crispy_forms\templatetags\crispy_forms_field.py first seen with mtime 1654184827.0409093
2022-06-24 15:40:10,502:DEBUG:File C:\Program Files\WindowsApps\PythonSoftwareFoundation.Python.3.10_3.10.1520.0_x64__qbz5n2kfra8p0\Lib\unittest\main.py first seen with mtime 1648394700.8038282
2022-06-24 15:40:10,503:DEBUG:File C:\Program Files\WindowsApps\PythonSoftwareFoundation.Python.3.10_3.10.1520.0_x64__qbz5n2kfra8p0\Lib\email\charset.py first seen with mtime 1654628024.6272297
2022-06-24 15:40:10,503:DEBUG:File C:\Django\Lib\site-packages\django\db\backends\base\operations.py first seen with mtime 1648413403.7248602
2022-06-24 15:40:10,503:DEBUG:File C:\Program Files\WindowsApps\PythonSoftwareFoundation.Python.3.10_3.10.1520.0_x64__qbz5n2kfra8p0\Lib\importlib\machinery.py first seen with mtime 1648394698.416502
2022-06-24 15:40:10,503:DEBUG:File C:\Django\Lib\site-packages\pkg_resources\_vendor\packaging\requirements.py first seen with mtime 1648413345.2532876
2022-06-24 15:40:10,503:DEBUG:File C:\Django\Lib\site-packages\django\contrib\admin\templatetags\log.py first seen with mtime 1648413401.2455657
2022-06-24 15:40:10,503:DEBUG:File C:\Program Files\WindowsApps\PythonSoftwareFoundation.Python.3.10_3.10.1520.0_x64__qbz5n2kfra8p0\Lib\email\mime\text.py first seen with mtime 1648394697.6503024
2022-06-24 15:40:10,503:DEBUG:File C:\Django\Lib\site-packages\django\utils\safestring.py first seen with mtime 1648413403.9492607
2022-06-24 15:40:10,503:DEBUG:File C:\Django\Lib\site-packages\django\db\transaction.py first seen with mtime 1648413403.7138898
2022-06-24 15:40:10,503:DEBUG:File C:\Django\Lib\site-packages\django\db\migrations\executor.py first seen with mtime 1648413403.761762
2022-06-24 15:40:10,503:DEBUG:File C:\Program Files\WindowsApps\PythonSoftwareFoundation.Python.3.10_3.10.1520.0_x64__qbz5n2kfra8p0\Lib\email\_encoded_words.py first seen with mtime 1654628024.6277516
2022-06-24 15:40:10,504:DEBUG:File C:\Django\Lib\site-packages\django\template\loaders\app_directories.py first seen with mtime 1648413403.9053798
2022-06-24 15:40:10,504:DEBUG:File C:\Program Files\WindowsApps\PythonSoftwareFoundation.Python.3.10_3.10.1520.0_x64__qbz5n2kfra8p0\Lib\warnings.py first seen with mtime 1648394700.8786283
2022-06-24 15:40:10,504:DEBUG:File C:\Program Files\WindowsApps\PythonSoftwareFoundation.Python.3.10_3.10.1520.0_x64__qbz5n2kfra8p0\Lib\contextlib.py first seen with mtime 1648394697.448841
2022-06-24 15:40:10,504:DEBUG:File C:\Django\Lib\site-packages\django\templatetags\tz.py first seen with mtime 1648413403.9143553
2022-06-24 15:40:10,504:DEBUG:File C:\Program Files\WindowsApps\PythonSoftwareFoundation.Python.3.10_3.10.1520.0_x64__qbz5n2kfra8p0\Lib\dis.py first seen with mtime 1648394697.5017004
2022-06-24 15:40:10,504:DEBUG:File C:\Django\Lib\site-packages\django\core\files\move.py first seen with mtime 1648413403.660034
2022-06-24 15:40:10,504:DEBUG:File C:\Program Files\WindowsApps\PythonSoftwareFoundation.Python.3.10_3.10.1520.0_x64__qbz5n2kfra8p0\Lib\pathlib.py first seen with mtime 1654628038.0467746
2022-06-24 15:40:10,504:DEBUG:File C:\Django\Lib\site-packages\pkg_resources\_vendor\packaging\version.py first seen with mtime 1648413345.2572758
2022-06-24 15:40:10,504:DEBUG:File C:\Django\Lib\site-packages\django\core\cache\backends\__init__.py first seen with mtime 1648413403.6370964
2022-06-24 15:40:10,505:DEBUG:File C:\Django\Lib\site-packages\pkg_resources\__init__.py first seen with mtime 1648413345.243313
2022-06-24 15:40:10,505:DEBUG:File C:\Django\Lib\site-packages\django\http\cookie.py first seen with mtime 1648413403.876457
2022-06-24 15:40:10,505:DEBUG:File C:\Program Files\WindowsApps\PythonSoftwareFoundation.Python.3.10_3.10.1520.0_x64__qbz5n2kfra8p0\Lib\urllib\request.py first seen with mtime 1654628038.3012981
2022-06-24 15:40:10,505:DEBUG:File C:\Program Files\WindowsApps\PythonSoftwareFoundation.Python.3.10_3.10.1520.0_x64__qbz5n2kfra8p0\DLLs\_asyncio.pyd first seen with mtime 1654628024.34032
2022-06-24 15:40:10,505:DEBUG:File C:\Program Files\WindowsApps\PythonSoftwareFoundation.Python.3.10_3.10.1520.0_x64__qbz5n2kfra8p0\Lib\collections\__init__.py first seen with mtime 1648394697.4298918
2022-06-24 15:40:10,505:DEBUG:File C:\Django\Lib\site-packages\crispy_forms\exceptions.py first seen with mtime 1654184826.942027
2022-06-24 15:40:10,505:DEBUG:File C:\Django\Lib\site-packages\django\contrib\admin\filters.py first seen with mtime 1648413400.6263726
2022-06-24 15:40:10,505:DEBUG:File C:\Program Files\WindowsApps\PythonSoftwareFoundation.Python.3.10_3.10.1520.0_x64__qbz5n2kfra8p0\Lib\json\decoder.py first seen with mtime 1648394698.5187356
2022-06-24 15:40:10,505:DEBUG:File C:\Django\Lib\site-packages\sqlparse\sql.py first seen with mtime 1648413399.8404734
2022-06-24 15:40:10,505:DEBUG:File C:\Django\Lib\site-packages\sqlparse\filters\output.py first seen with mtime 1648413399.8504462
2022-06-24 15:40:10,505:DEBUG:File C:\Program Files\WindowsApps\PythonSoftwareFoundation.Python.3.10_3.10.1520.0_x64__qbz5n2kfra8p0\Lib\ntpath.py first seen with mtime 1648394698.7481167
2022-06-24 15:40:10,505:DEBUG:File C:\Django\Lib\site-packages\django\db\models\fields\mixins.py first seen with mtime 1648413403.7936769
2022-06-24 15:40:10,505:DEBUG:File C:\Django\Lib\site-packages\django\utils\dates.py first seen with mtime 1648413403.934301
2022-06-24 15:40:10,505:DEBUG:File C:\Django\Lib\site-packages\django\views\static.py first seen with mtime 1648413403.966216
2022-06-24 15:40:10,505:DEBUG:File C:\Django\Lib\site-packages\django\core\cache\backends\filebased.py first seen with mtime 1648413403.64109
2022-06-24 15:40:10,505:DEBUG:File C:\Django\Lib\site-packages\crispy_forms\__init__.py first seen with mtime 1654184826.938554
2022-06-24 15:40:10,505:DEBUG:File C:\Django\Lib\site-packages\django\contrib\auth\__init__.py first seen with mtime 1648413401.4709847
2022-06-24 15:40:10,505:DEBUG:File C:\Program Files\WindowsApps\PythonSoftwareFoundation.Python.3.10_3.10.1520.0_x64__qbz5n2kfra8p0\DLLs\_decimal.pyd first seen with mtime 1654628024.359168
2022-06-24 15:40:10,505:DEBUG:File C:\Program Files\WindowsApps\PythonSoftwareFoundation.Python.3.10_3.10.1520.0_x64__qbz5n2kfra8p0\Lib\urllib\error.py first seen with mtime 1648394700.8407295
2022-06-24 15:40:10,506:DEBUG:File C:\Program Files\WindowsApps\PythonSoftwareFoundation.Python.3.10_3.10.1520.0_x64__qbz5n2kfra8p0\DLLs\_sqlite3.pyd first seen with mtime 1654628024.4892576
2022-06-24 15:40:10,506:DEBUG:File C:\Django\Lib\site-packages\django\db\migrations\operations\models.py first seen with mtime 1648413403.7747273
2022-06-24 15:40:10,506:DEBUG:File C:\Django\Lib\site-packages\django\views\debug.py first seen with mtime 1648413403.9632235
2022-06-24 15:40:10,506:DEBUG:File C:\Program Files\WindowsApps\PythonSoftwareFoundation.Python.3.10_3.10.1520.0_x64__qbz5n2kfra8p0\Lib\asyncio\futures.py first seen with mtime 1648394697.0048106
2022-06-24 15:40:10,506:DEBUG:File C:\Program Files\WindowsApps\PythonSoftwareFoundation.Python.3.10_3.10.1520.0_x64__qbz5n2kfra8p0\Lib\sqlite3\dbapi2.py first seen with mtime 1648394700.6821542
2022-06-24 15:40:10,506:DEBUG:File C:\Program Files\WindowsApps\PythonSoftwareFoundation.Python.3.10_3.10.1520.0_x64__qbz5n2kfra8p0\Lib\typing.py first seen with mtime 1648394700.7998388
2022-06-24 15:40:10,506:DEBUG:File C:\Django\Lib\site-packages\django\contrib\contenttypes\views.py first seen with mtime 1648413401.7076933
2022-06-24 15:40:10,506:DEBUG:File C:\Projects\mysite\core\__init__.py first seen with mtime 1654181272.61594
2022-06-24 15:40:10,506:DEBUG:File C:\Django\Lib\site-packages\django\db\models\query_utils.py first seen with mtime 1648413403.7896874
2022-06-24 15:40:10,506:DEBUG:File C:\Program Files\WindowsApps\PythonSoftwareFoundation.Python.3.10_3.10.1520.0_x64__qbz5n2kfra8p0\Lib\sre_compile.py first seen with mtime 1654628038.223878
2022-06-24 15:40:10,506:DEBUG:File C:\Django\Lib\site-packages\django\contrib\auth\tokens.py first seen with mtime 1648413401.483949
2022-06-24 15:40:10,507:DEBUG:File C:\Django\Lib\site-packages\django\core\mail\message.py first seen with mtime 1648413403.66901
2022-06-24 15:40:10,507:DEBUG:File C:\Django\Lib\site-packages\django\template\base.py first seen with mtime 1648413403.8874283
2022-06-24 15:40:10,507:DEBUG:File C:\Program Files\WindowsApps\PythonSoftwareFoundation.Python.3.10_3.10.1520.0_x64__qbz5n2kfra8p0\Lib\wsgiref\headers.py first seen with mtime 1648394700.881621
2022-06-24 15:40:10,507:DEBUG:File C:\Django\Lib\site-packages\django\core\checks\registry.py first seen with mtime 1648413403.6490638
2022-06-24 15:40:10,507:DEBUG:File C:\Django\Lib\site-packages\django\utils\functional.py first seen with mtime 1648413403.9402852
2022-06-24 15:40:10,507:DEBUG:File C:\Django\Lib\site-packages\django\contrib\admin\decorators.py first seen with mtime 1648413400.625375
2022-06-24 15:40:10,507:DEBUG:File C:\Django\Lib\site-packages\django\db\models\__init__.py first seen with mtime 1648413403.7757368
2022-06-24 15:40:10,507:DEBUG:File C:\Django\Lib\site-packages\django\utils\ipv6.py first seen with mtime 1648413403.9442742
2022-06-24 15:40:10,507:DEBUG:File C:\Program Files\WindowsApps\PythonSoftwareFoundation.Python.3.10_3.10.1520.0_x64__qbz5n2kfra8p0\Lib\html\parser.py first seen with mtime 1648394698.04425
2022-06-24 15:40:10,507:DEBUG:File C:\Django\Lib\site-packages\django\core\handlers\base.py first seen with mtime 1648413403.66503
2022-06-24 15:40:10,507:DEBUG:File C:\Django\Lib\site-packages\django\core\checks\async_checks.py first seen with mtime 1648413403.6440763
2022-06-24 15:40:10,508:DEBUG:File C:\Django\Lib\site-packages\django\template\library.py first seen with mtime 1648413403.8954048
2022-06-24 15:40:10,508:DEBUG:File C:\Program Files\WindowsApps\PythonSoftwareFoundation.Python.3.10_3.10.1520.0_x64__qbz5n2kfra8p0\Lib\selectors.py first seen with mtime 1648394698.8179297
2022-06-24 15:40:10,508:DEBUG:File C:\Program Files\WindowsApps\PythonSoftwareFoundation.Python.3.10_3.10.1520.0_x64__qbz5n2kfra8p0\Lib\subprocess.py first seen with mtime 1654628038.2264018
2022-06-24 15:40:10,508:DEBUG:File C:\Program Files\WindowsApps\PythonSoftwareFoundation.Python.3.10_3.10.1520.0_x64__qbz5n2kfra8p0\Lib\http\cookies.py first seen with mtime 1648394698.0582118
2022-06-24 15:40:10,508:DEBUG:File C:\Django\Lib\site-packages\django\core\handlers\asgi.py first seen with mtime 1648413403.6640239
2022-06-24 15:40:10,508:DEBUG:File C:\Program Files\WindowsApps\PythonSoftwareFoundation.Python.3.10_3.10.1520.0_x64__qbz5n2kfra8p0\Lib\concurrent\__init__.py first seen with mtime 1648394697.4468458
2022-06-24 15:40:10,508:DEBUG:File C:\Program Files\WindowsApps\PythonSoftwareFoundation.Python.3.10_3.10.1520.0_x64__qbz5n2kfra8p0\Lib\urllib\response.py first seen with mtime 1648394700.842724
2022-06-24 15:40:10,508:DEBUG:File C:\Django\Lib\site-packages\django\db\models\signals.py first seen with mtime 1648413403.7896874
2022-06-24 15:40:10,508:DEBUG:File C:\Program Files\WindowsApps\PythonSoftwareFoundation.Python.3.10_3.10.1520.0_x64__qbz5n2kfra8p0\Lib\locale.py first seen with mtime 1648394698.6543667
2022-06-24 15:40:10,509:DEBUG:File C:\Program Files\WindowsApps\PythonSoftwareFoundation.Python.3.10_3.10.1520.0_x64__qbz5n2kfra8p0\Lib\unittest\case.py first seen with mtime 1648394700.8018384
2022-06-24 15:40:10,509:DEBUG:File C:\Projects\mysite\mysite\urls.py first seen with mtime 1656066323.5903199
2022-06-24 15:40:10,509:DEBUG:File C:\Django\Lib\site-packages\django\forms\formsets.py first seen with mtime 1648413403.8116288
2022-06-24 15:40:10,509:DEBUG:File C:\Program Files\WindowsApps\PythonSoftwareFoundation.Python.3.10_3.10.1520.0_x64__qbz5n2kfra8p0\Lib\unittest\runner.py first seen with mtime 1648394700.805823
2022-06-24 15:40:10,509:DEBUG:File C:\Program Files\WindowsApps\PythonSoftwareFoundation.Python.3.10_3.10.1520.0_x64__qbz5n2kfra8p0\Lib\platform.py first seen with mtime 1648394698.7610836
2022-06-24 15:40:10,509:DEBUG:File C:\Django\Lib\site-packages\django\db\migrations\__init__.py first seen with mtime 1648413403.7597697
2022-06-24 15:40:10,509:DEBUG:File C:\Django\Lib\site-packages\django\db\backends\sqlite3\introspection.py first seen with mtime 1648413403.7567766
2022-06-24 15:40:10,509:DEBUG:File C:\Program Files\WindowsApps\PythonSoftwareFoundation.Python.3.10_3.10.1520.0_x64__qbz5n2kfra8p0\Lib\tokenize.py first seen with mtime 1648394700.7519674
2022-06-24 15:40:10,509:DEBUG:File C:\Program Files\WindowsApps\PythonSoftwareFoundation.Python.3.10_3.10.1520.0_x64__qbz5n2kfra8p0\DLLs\_ctypes.pyd first seen with mtime 1654628024.343296
2022-06-24 15:40:10,509:DEBUG:File C:\Django\Lib\site-packages\django\contrib\contenttypes\__init__.py first seen with mtime 1648413401.70171
2022-06-24 15:40:10,509:DEBUG:File C:\Django\Lib\site-packages\django\db\migrations\loader.py first seen with mtime 1648413403.7627597
2022-06-24 15:40:10,510:DEBUG:File C:\Django\Lib\site-packages\sqlparse\engine\grouping.py first seen with mtime 1648413399.8444633
2022-06-24 15:40:10,510:DEBUG:File C:\Django\Lib\site-packages\django\contrib\admin\options.py first seen with mtime 1648413400.629365
2022-06-24 15:40:10,510:DEBUG:File C:\Django\Lib\site-packages\crispy_forms\layout_slice.py first seen with mtime 1654184826.9445074
2022-06-24 15:40:10,510:DEBUG:File C:\Django\Lib\site-packages\django\core\mail\__init__.py first seen with mtime 1648413403.6680126
2022-06-24 15:40:10,510:DEBUG:File C:\Program Files\WindowsApps\PythonSoftwareFoundation.Python.3.10_3.10.1520.0_x64__qbz5n2kfra8p0\Lib\socket.py first seen with mtime 1648394700.6801615
2022-06-24 15:40:10,510:DEBUG:File C:\Program Files\WindowsApps\PythonSoftwareFoundation.Python.3.10_3.10.1520.0_x64__qbz5n2kfra8p0\Lib\token.py first seen with mtime 1648394700.7509701
2022-06-24 15:40:10,510:DEBUG:File C:\Django\Lib\site-packages\django\contrib\sessions\backends\__init__.py first seen with mtime 1648413403.145869
2022-06-24 15:40:10,510:DEBUG:File C:\Django\Lib\site-packages\django\utils\__init__.py first seen with mtime 1648413403.9273195
2022-06-24 15:40:10,510:DEBUG:File C:\Django\Lib\site-packages\django\contrib\admin\templatetags\base.py first seen with mtime 1648413401.2445674
2022-06-24 15:40:10,510:DEBUG:File C:\Program Files\WindowsApps\PythonSoftwareFoundation.Python.3.10_3.10.1520.0_x64__qbz5n2kfra8p0\Lib\zipfile.py first seen with mtime 1654628044.4375367
2022-06-24 15:40:10,511:DEBUG:File C:\Django\Lib\site-packages\django\db\migrations\operations\base.py first seen with mtime 1648413403.7717357
2022-06-24 15:40:10,511:DEBUG:File C:\Django\Lib\site-packages\django\core\__init__.py first seen with mtime 1648413403.6281192
2022-06-24 15:40:10,511:DEBUG:File C:\Django\Lib\site-packages\django\contrib\auth\middleware.py first seen with mtime 1648413401.480957
2022-06-24 15:40:10,511:DEBUG:File C:\Program Files\WindowsApps\PythonSoftwareFoundation.Python.3.10_3.10.1520.0_x64__qbz5n2kfra8p0\Lib\ssl.py first seen with mtime 1654628038.22541
2022-06-24 15:40:10,511:DEBUG:File C:\Program Files\WindowsApps\PythonSoftwareFoundation.Python.3.10_3.10.1520.0_x64__qbz5n2kfra8p0\Lib\email\iterators.py first seen with mtime 1648394697.6453154
2022-06-24 15:40:10,511:DEBUG:File C:\Django\Lib\site-packages\django\db\migrations\state.py first seen with mtime 1648413403.766749
2022-06-24 15:40:10,511:DEBUG:File C:\Program Files\WindowsApps\PythonSoftwareFoundation.Python.3.10_3.10.1520.0_x64__qbz5n2kfra8p0\Lib\getpass.py first seen with mtime 1648394698.034279
2022-06-24 15:40:10,511:DEBUG:File C:\Django\Lib\site-packages\django\views\generic\edit.py first seen with mtime 1648413403.9771862
2022-06-24 15:40:10,511:DEBUG:File C:\Program Files\WindowsApps\PythonSoftwareFoundation.Python.3.10_3.10.1520.0_x64__qbz5n2kfra8p0\Lib\linecache.py first seen with mtime 1648394698.6533694
2022-06-24 15:40:10,512:DEBUG:File C:\Django\Lib\site-packages\django\views\generic\dates.py first seen with mtime 1648413403.9751925
2022-06-24 15:40:10,512:DEBUG:File C:\Program Files\WindowsApps\PythonSoftwareFoundation.Python.3.10_3.10.1520.0_x64__qbz5n2kfra8p0\DLLs\_zoneinfo.pyd first seen with mtime 1654628024.5081286
2022-06-24 15:40:10,512:DEBUG:File C:\Django\Lib\site-packages\django\db\models\functions\math.py first seen with mtime 1648413403.800658
2022-06-24 15:40:10,512:DEBUG:File C:\Django\Lib\site-packages\django\core\paginator.py first seen with mtime 1648413403.6311176
2022-06-24 15:40:10,512:DEBUG:File C:\Django\Lib\site-packages\django\urls\base.py first seen with mtime 1648413403.9233303
2022-06-24 15:40:10,512:DEBUG:File C:\Django\Lib\site-packages\django\core\signals.py first seen with mtime 1648413403.6321084
2022-06-24 15:40:10,512:DEBUG:File C:\Django\Lib\site-packages\django\templatetags\__init__.py first seen with mtime 1648413403.911363
2022-06-24 15:40:10,512:DEBUG:File C:\Program Files\WindowsApps\PythonSoftwareFoundation.Python.3.10_3.10.1520.0_x64__qbz5n2kfra8p0\Lib\asyncio\base_futures.py first seen with mtime 1648394696.990847
2022-06-24 15:40:10,512:DEBUG:File C:\Program Files\WindowsApps\PythonSoftwareFoundation.Python.3.10_3.10.1520.0_x64__qbz5n2kfra8p0\Lib\importlib\util.py first seen with mtime 1648394698.427471
2022-06-24 15:40:10,512:DEBUG:File C:\Django\Lib\site-packages\colorama\__init__.py first seen with mtime 1654164525.4608493
2022-06-24 15:40:10,513:DEBUG:File C:\Django\Lib\site-packages\django\core\servers\basehttp.py first seen with mtime 1648413403.7128932
2022-06-24 15:40:10,513:DEBUG:File C:\Django\Lib\site-packages\django\utils\crypto.py first seen with mtime 1648413403.932306
2022-06-24 15:40:10,513:DEBUG:File C:\Django\Lib\site-packages\django\db\models\fields\proxy.py first seen with mtime 1648413403.7936769
2022-06-24 15:40:10,513:DEBUG:File C:\Program Files\WindowsApps\PythonSoftwareFoundation.Python.3.10_3.10.1520.0_x64__qbz5n2kfra8p0\Lib\pkgutil.py first seen with mtime 1648394698.7600842
2022-06-24 15:40:10,513:DEBUG:File C:\Django\Lib\site-packages\colorama\ansitowin32.py first seen with mtime 1654164525.4623375
2022-06-24 15:40:10,513:DEBUG:File C:\Program Files\WindowsApps\PythonSoftwareFoundation.Python.3.10_3.10.1520.0_x64__qbz5n2kfra8p0\Lib\email\header.py first seen with mtime 1648394697.6443183
2022-06-24 15:40:10,513:DEBUG:File C:\Program Files\WindowsApps\PythonSoftwareFoundation.Python.3.10_3.10.1520.0_x64__qbz5n2kfra8p0\Lib\io.py first seen with mtime 1648394698.5127513
2022-06-24 15:40:10,513:DEBUG:File C:\Django\Lib\site-packages\django\shortcuts.py first seen with mtime 1648413400.28329
2022-06-24 15:40:10,513:DEBUG:File C:\Django\Lib\site-packages\sqlparse\utils.py first seen with mtime 1648413399.8424678
2022-06-24 15:40:10,513:DEBUG:File C:\Program Files\WindowsApps\PythonSoftwareFoundation.Python.3.10_3.10.1520.0_x64__qbz5n2kfra8p0\DLLs\_queue.pyd first seen with mtime 1654628024.3958957
2022-06-24 15:40:10,514:DEBUG:File C:\Django\Lib\site-packages\pkg_resources\_vendor\packaging\_structures.py first seen with mtime 1648413345.2502959
2022-06-24 15:40:10,514:DEBUG:File C:\Django\Lib\site-packages\django\http\response.py first seen with mtime 1648413403.87845
2022-06-24 15:40:10,514:DEBUG:File C:\Django\Lib\site-packages\django\utils\itercompat.py first seen with mtime 1648413403.9442742
2022-06-24 15:40:10,514:DEBUG:File C:\Django\Lib\site-packages\crispy_forms\bootstrap.py first seen with mtime 1654184826.940541
2022-06-24 15:40:10,514:DEBUG:File C:\Django\Lib\site-packages\crispy_forms\templatetags\crispy_forms_filters.py first seen with mtime 1654184827.0419006
2022-06-24 15:40:10,514:DEBUG:File C:\Program Files\WindowsApps\PythonSoftwareFoundation.Python.3.10_3.10.1520.0_x64__qbz5n2kfra8p0\Lib\concurrent\futures\__init__.py first seen with mtime 1648394697.4368737
2022-06-24 15:40:10,514:DEBUG:File C:\Django\Lib\site-packages\django\db\models\options.py first seen with mtime 1648413403.7876923
2022-06-24 15:40:10,514:DEBUG:File C:\Django\Lib\site-packages\django\views\decorators\cache.py first seen with mtime 1648413403.9682114
2022-06-24 15:40:10,514:DEBUG:File C:\Django\Lib\site-packages\sqlparse\filters\__init__.py first seen with mtime 1648413399.8454616
2022-06-24 15:40:10,514:DEBUG:File C:\Django\Lib\site-packages\django\views\decorators\debug.py first seen with mtime 1648413403.9712033
2022-06-24 15:40:10,515:DEBUG:File C:\Django\Lib\site-packages\django\views\decorators\common.py first seen with mtime 1648413403.9702053
2022-06-24 15:40:10,515:DEBUG:File C:\Django\Lib\site-packages\django\utils\decorators.py first seen with mtime 1648413403.9362955
2022-06-24 15:40:10,515:DEBUG:File C:\Django\Lib\site-packages\django\db\backends\base\validation.py first seen with mtime 1648413403.7258577
2022-06-24 15:40:10,515:DEBUG:File C:\Program Files\WindowsApps\PythonSoftwareFoundation.Python.3.10_3.10.1520.0_x64__qbz5n2kfra8p0\Lib\encodings\utf_8.py first seen with mtime 1648394697.8138652
2022-06-24 15:40:10,515:DEBUG:File C:\Django\Lib\site-packages\django\forms\fields.py first seen with mtime 1648413403.8106315
2022-06-24 15:40:10,515:DEBUG:File C:\Django\Lib\site-packages\colorama\winterm.py first seen with mtime 1654164525.4638255
2022-06-24 15:40:10,515:DEBUG:File C:\Program Files\WindowsApps\PythonSoftwareFoundation.Python.3.10_3.10.1520.0_x64__qbz5n2kfra8p0\Lib\sqlite3\__init__.py first seen with mtime 1654628038.2223902
2022-06-24 15:40:10,515:DEBUG:File C:\Django\Lib\site-packages\django\db\backends\utils.py first seen with mtime 1648413403.7188783
2022-06-24 15:40:10,516:DEBUG:File C:\Program Files\WindowsApps\PythonSoftwareFoundation.Python.3.10_3.10.1520.0_x64__qbz5n2kfra8p0\Lib\ipaddress.py first seen with mtime 1654628038.0215025
2022-06-24 15:40:10,516:DEBUG:File C:\Django\Lib\site-packages\django\db\__init__.py first seen with mtime 1648413403.7128932
2022-06-24 15:40:10,516:DEBUG:File C:\Django\Lib\site-packages\sqlparse\filters\tokens.py first seen with mtime 1648413399.852443
2022-06-24 15:40:10,516:DEBUG:File C:\Program Files\WindowsApps\PythonSoftwareFoundation.Python.3.10_3.10.1520.0_x64__qbz5n2kfra8p0\Lib\tempfile.py first seen with mtime 1648394700.699108
2022-06-24 15:40:10,516:DEBUG:File C:\Django\Lib\site-packages\django\contrib\auth\admin.py first seen with mtime 1648413401.472981
2022-06-24 15:40:10,516:DEBUG:File C:\Program Files\WindowsApps\PythonSoftwareFoundation.Python.3.10_3.10.1520.0_x64__qbz5n2kfra8p0\DLLs\_lzma.pyd first seen with mtime 1654628024.3790586
2022-06-24 15:40:10,516:DEBUG:File C:\Program Files\WindowsApps\PythonSoftwareFoundation.Python.3.10_3.10.1520.0_x64__qbz5n2kfra8p0\Lib\genericpath.py first seen with mtime 1648394698.0332823
2022-06-24 15:40:10,516:DEBUG:File C:\Program Files\WindowsApps\PythonSoftwareFoundation.Python.3.10_3.10.1520.0_x64__qbz5n2kfra8p0\Lib\asyncio\base_subprocess.py first seen with mtime 1648394696.9918447
2022-06-24 15:40:10,516:DEBUG:File C:\Program Files\WindowsApps\PythonSoftwareFoundation.Python.3.10_3.10.1520.0_x64__qbz5n2kfra8p0\Lib\unittest\util.py first seen with mtime 1648394700.807819
2022-06-24 15:40:10,517:DEBUG:File C:\Django\Lib\site-packages\django\dispatch\__init__.py first seen with mtime 1648413403.807639
2022-06-24 15:40:10,517:DEBUG:File C:\Projects\mysite\core\admin.py first seen with mtime 1655984065.3888834
2022-06-24 15:40:10,517:DEBUG:File C:\Program Files\WindowsApps\PythonSoftwareFoundation.Python.3.10_3.10.1520.0_x64__qbz5n2kfra8p0\Lib\email\contentmanager.py first seen with mtime 1648394697.6413276
2022-06-24 15:40:10,517:DEBUG:File C:\Django\Lib\site-packages\django\core\files\base.py first seen with mtime 1648413403.658039
2022-06-24 15:40:10,517:DEBUG:File C:\Django\Lib\site-packages\sqlparse\cli.py first seen with mtime 1648413399.8344893
2022-06-24 15:40:10,517:DEBUG:File C:\Django\Lib\site-packages\django\contrib\auth\password_validation.py first seen with mtime 1648413401.4829516
2022-06-24 15:40:10,517:DEBUG:File C:\Django\Lib\site-packages\django\contrib\messages\constants.py first seen with mtime 1648413402.6756165
2022-06-24 15:40:10,517:DEBUG:File C:\Django\Lib\site-packages\django\conf\global_settings.py first seen with mtime 1648413400.2882762
2022-06-24 15:40:10,517:DEBUG:File C:\Django\Lib\site-packages\django\db\models\fields\__init__.py first seen with mtime 1648413403.791682
2022-06-24 15:40:10,517:DEBUG:File C:\Program Files\WindowsApps\PythonSoftwareFoundation.Python.3.10_3.10.1520.0_x64__qbz5n2kfra8p0\Lib\json\__init__.py first seen with mtime 1648394698.5217304
2022-06-24 15:40:10,518:DEBUG:File C:\Program Files\WindowsApps\PythonSoftwareFoundation.Python.3.10_3.10.1520.0_x64__qbz5n2kfra8p0\Lib\codecs.py first seen with mtime 1648394697.4269
2022-06-24 15:40:10,518:DEBUG:File C:\Django\Lib\site-packages\django\core\management\base.py first seen with mtime 1648413403.6739967
2022-06-24 15:40:10,518:DEBUG:File C:\Program Files\WindowsApps\PythonSoftwareFoundation.Python.3.10_3.10.1520.0_x64__qbz5n2kfra8p0\DLLs\_hashlib.pyd first seen with mtime 1654628024.3770466
2022-06-24 15:40:10,518:DEBUG:File C:\Django\Lib\site-packages\django\contrib\admin\migrations\0002_logentry_remove_auto_add.py first seen with mtime 1648413401.0109646
2022-06-24 15:40:10,518:DEBUG:File C:\Django\Lib\site-packages\django\utils\deconstruct.py first seen with mtime 1648413403.9352984
2022-06-24 15:40:10,518:DEBUG:File C:\Django\Lib\site-packages\django\views\generic\__init__.py first seen with mtime 1648413403.9741943
2022-06-24 15:40:10,518:DEBUG:File C:\Django\Lib\site-packages\django\contrib\auth\migrations\0010_alter_group_name_max_length.py first seen with mtime 1648413401.6947277
2022-06-24 15:40:10,518:DEBUG:File C:\Program Files\WindowsApps\PythonSoftwareFoundation.Python.3.10_3.10.1520.0_x64__qbz5n2kfra8p0\Lib\cgi.py first seen with mtime 1648394697.4239073
2022-06-24 15:40:10,518:DEBUG:File C:\Django\Lib\site-packages\sqlparse\engine\filter_stack.py first seen with mtime 1648413399.843465
2022-06-24 15:40:10,518:DEBUG:File C:\Program Files\WindowsApps\PythonSoftwareFoundation.Python.3.10_3.10.1520.0_x64__qbz5n2kfra8p0\Lib\inspect.py first seen with mtime 1648394698.5117545
2022-06-24 15:40:10,519:DEBUG:File C:\Django\Lib\site-packages\django\contrib\sites\shortcuts.py first seen with mtime 1648413403.409703
2022-06-24 15:40:10,519:DEBUG:File C:\Program Files\WindowsApps\PythonSoftwareFoundation.Python.3.10_3.10.1520.0_x64__qbz5n2kfra8p0\Lib\_collections_abc.py first seen with mtime 1648394700.986341
2022-06-24 15:40:10,519:DEBUG:File C:\Django\Lib\site-packages\django\core\checks\security\sessions.py first seen with mtime 1648413403.6560445
2022-06-24 15:40:10,519:DEBUG:File C:\Program Files\WindowsApps\PythonSoftwareFoundation.Python.3.10_3.10.1520.0_x64__qbz5n2kfra8p0\Lib\fnmatch.py first seen with mtime 1654628024.6539843
2022-06-24 15:40:10,519:DEBUG:File C:\Django\Lib\site-packages\django\urls\conf.py first seen with mtime 1648413403.9243276
2022-06-24 15:40:10,519:DEBUG:File C:\Django\Lib\site-packages\django\contrib\staticfiles\checks.py first seen with mtime 1648413403.614157
2022-06-24 15:40:10,519:DEBUG:File C:\Django\Lib\site-packages\django\template\__init__.py first seen with mtime 1648413403.8854332
2022-06-24 15:40:10,519:DEBUG:File C:\Program Files\WindowsApps\PythonSoftwareFoundation.Python.3.10_3.10.1520.0_x64__qbz5n2kfra8p0\Lib\contextvars.py first seen with mtime 1648394697.449838
2022-06-24 15:40:10,519:DEBUG:File C:\Django\Lib\site-packages\django\db\migrations\graph.py first seen with mtime 1648413403.7627597
2022-06-24 15:40:10,519:DEBUG:File C:\Django\Lib\site-packages\django\conf\__init__.py first seen with mtime 1648413400.2872798
2022-06-24 15:40:10,519:DEBUG:File C:\Django\Lib\site-packages\django\contrib\auth\forms.py first seen with mtime 1648413401.4799597
2022-06-24 15:40:10,520:DEBUG:File C:\Django\Lib\site-packages\django\template\loader.py first seen with mtime 1648413403.8954048
2022-06-24 15:40:10,520:DEBUG:File C:\Program Files\WindowsApps\PythonSoftwareFoundation.Python.3.10_3.10.1520.0_x64__qbz5n2kfra8p0\Lib\sre_constants.py first seen with mtime 1654628038.223878
2022-06-24 15:40:10,520:DEBUG:File C:\Django\Lib\site-packages\django\utils\dateformat.py first seen with mtime 1648413403.933305
2022-06-24 15:40:10,520:DEBUG:File C:\Django\Lib\site-packages\django\__init__.py first seen with mtime 1648413400.2812948
2022-06-24 15:40:10,520:DEBUG:File C:\Program Files\WindowsApps\PythonSoftwareFoundation.Python.3.10_3.10.1520.0_x64__qbz5n2kfra8p0\Lib\sysconfig.py first seen with mtime 1648394700.6961176
2022-06-24 15:40:10,520:DEBUG:File C:\Program Files\WindowsApps\PythonSoftwareFoundation.Python.3.10_3.10.1520.0_x64__qbz5n2kfra8p0\Lib\asyncio\staggered.py first seen with mtime 1648394697.0157804
2022-06-24 15:40:10,520:DEBUG:File C:\Django\Lib\site-packages\django\db\models\functions\mixins.py first seen with mtime 1648413403.8016553
2022-06-24 15:40:10,520:DEBUG:File C:\Projects\mysite\manage.py first seen with mtime 1654181255.1578543
2022-06-24 15:40:10,520:DEBUG:File C:\Program Files\WindowsApps\PythonSoftwareFoundation.Python.3.10_3.10.1520.0_x64__qbz5n2kfra8p0\Lib\urllib\parse.py first seen with mtime 1648394700.841727
2022-06-24 15:40:10,520:DEBUG:File C:\Django\Lib\site-packages\django\templatetags\i18n.py first seen with mtime 1648413403.9123597
2022-06-24 15:40:10,521:DEBUG:File C:\Django\Lib\site-packages\django\contrib\messages\api.py first seen with mtime 1648413402.673621
2022-06-24 15:40:10,521:DEBUG:File C:\Django\Lib\site-packages\django\core\handlers\__init__.py first seen with mtime 1648413403.6630275
2022-06-24 15:40:10,521:DEBUG:File C:\Program Files\WindowsApps\PythonSoftwareFoundation.Python.3.10_3.10.1520.0_x64__qbz5n2kfra8p0\DLLs\_socket.pyd first seen with mtime 1654628024.4877696
2022-06-24 15:40:10,521:DEBUG:File C:\Projects\mysite\core\forms.py first seen with mtime 1654780451.213702
2022-06-24 15:40:10,521:DEBUG:File C:\Django\Lib\site-packages\django\contrib\contenttypes\admin.py first seen with mtime 1648413401.7037096
2022-06-24 15:40:10,521:DEBUG:File C:\Django\Lib\site-packages\django\contrib\admin\helpers.py first seen with mtime 1648413400.6273694
2022-06-24 15:40:10,521:DEBUG:File C:\Django\Lib\site-packages\django\contrib\auth\backends.py first seen with mtime 1648413401.4739761
2022-06-24 15:40:10,521:DEBUG:File C:\Program Files\WindowsApps\PythonSoftwareFoundation.Python.3.10_3.10.1520.0_x64__qbz5n2kfra8p0\Lib\base64.py first seen with mtime 1648394697.418921
2022-06-24 15:40:10,521:DEBUG:File C:\Django\Lib\site-packages\django\db\backends\base\features.py first seen with mtime 1648413403.7228665
2022-06-24 15:40:10,521:DEBUG:File C:\Program Files\WindowsApps\PythonSoftwareFoundation.Python.3.10_3.10.1520.0_x64__qbz5n2kfra8p0\Lib\concurrent\futures\_base.py first seen with mtime 1654628024.6042895
2022-06-24 15:40:10,521:DEBUG:File C:\Django\Lib\site-packages\django\utils\deprecation.py first seen with mtime 1648413403.9372928
2022-06-24 15:40:10,522:DEBUG:File C:\Django\Lib\site-packages\django\core\handlers\exception.py first seen with mtime 1648413403.6670148
2022-06-24 15:40:10,522:DEBUG:File C:\Program Files\WindowsApps\PythonSoftwareFoundation.Python.3.10_3.10.1520.0_x64__qbz5n2kfra8p0\Lib\asyncio\windows_utils.py first seen with mtime 1648394697.0247552
2022-06-24 15:40:10,522:DEBUG:File C:\Program Files\WindowsApps\PythonSoftwareFoundation.Python.3.10_3.10.1520.0_x64__qbz5n2kfra8p0\Lib\email\_parseaddr.py first seen with mtime 1648394697.6682541
2022-06-24 15:40:10,522:DEBUG:File C:\Program Files\WindowsApps\PythonSoftwareFoundation.Python.3.10_3.10.1520.0_x64__qbz5n2kfra8p0\Lib\email\mime\base.py first seen with mtime 1648394697.6483083
2022-06-24 15:40:10,522:DEBUG:File C:\Program Files\WindowsApps\PythonSoftwareFoundation.Python.3.10_3.10.1520.0_x64__qbz5n2kfra8p0\Lib\email\policy.py first seen with mtime 1648394697.6632698
2022-06-24 15:40:10,522:DEBUG:File C:\Django\Lib\site-packages\django\core\checks\translation.py first seen with mtime 1648413403.650061
2022-06-24 15:40:10,522:DEBUG:File C:\Django\Lib\site-packages\django\utils\text.py first seen with mtime 1648413403.950259
2022-06-24 15:40:10,522:DEBUG:File C:\Program Files\WindowsApps\PythonSoftwareFoundation.Python.3.10_3.10.1520.0_x64__qbz5n2kfra8p0\Lib\datetime.py first seen with mtime 1654628024.6226416
2022-06-24 15:40:10,523:DEBUG:File C:\Django\Lib\site-packages\django\core\checks\messages.py first seen with mtime 1648413403.6470685
2022-06-24 15:40:10,523:DEBUG:File C:\Django\Lib\site-packages\django\contrib\admin\exceptions.py first seen with mtime 1648413400.6263726
2022-06-24 15:40:10,523:DEBUG:File C:\Django\Lib\site-packages\django\db\models\sql\__init__.py first seen with mtime 1648413403.8026543
2022-06-24 15:40:10,523:DEBUG:File C:\Program Files\WindowsApps\PythonSoftwareFoundation.Python.3.10_3.10.1520.0_x64__qbz5n2kfra8p0\Lib\unittest\suite.py first seen with mtime 1648394700.8068206
2022-06-24 15:40:10,523:DEBUG:File C:\Django\Lib\site-packages\django\db\models\fields\reverse_related.py first seen with mtime 1648413403.798663
2022-06-24 15:40:10,523:DEBUG:File C:\Django\Lib\site-packages\django\template\loaders\cached.py first seen with mtime 1648413403.908372
2022-06-24 15:40:10,523:DEBUG:File C:\Program Files\WindowsApps\PythonSoftwareFoundation.Python.3.10_3.10.1520.0_x64__qbz5n2kfra8p0\Lib\asyncio\locks.py first seen with mtime 1648394697.0058074
2022-06-24 15:40:10,523:DEBUG:File C:\Program Files\WindowsApps\PythonSoftwareFoundation.Python.3.10_3.10.1520.0_x64__qbz5n2kfra8p0\Lib\weakref.py first seen with mtime 1648394700.8796253
2022-06-24 15:40:10,523:DEBUG:File C:\Django\Lib\site-packages\django\contrib\sessions\base_session.py first seen with mtime 1648413403.1398838
2022-06-24 15:40:10,523:DEBUG:File C:\Django\Lib\site-packages\django\contrib\auth\migrations\0002_alter_permission_name_max_length.py first seen with mtime 1648413401.6897407
2022-06-24 15:40:10,523:DEBUG:File C:\Program Files\WindowsApps\PythonSoftwareFoundation.Python.3.10_3.10.1520.0_x64__qbz5n2kfra8p0\Lib\json\scanner.py first seen with mtime 1648394698.5207317
2022-06-24 15:40:10,524:DEBUG:File C:\Program Files\WindowsApps\PythonSoftwareFoundation.Python.3.10_3.10.1520.0_x64__qbz5n2kfra8p0\Lib\html\entities.py first seen with mtime 1654628024.6544802
2022-06-24 15:40:10,524:DEBUG:File C:\Django\Lib\site-packages\django\contrib\staticfiles\utils.py first seen with mtime 1648413403.6201408
2022-06-24 15:40:10,524:DEBUG:File C:\Program Files\WindowsApps\PythonSoftwareFoundation.Python.3.10_3.10.1520.0_x64__qbz5n2kfra8p0\Lib\opcode.py first seen with mtime 1648394698.7501113
2022-06-24 15:40:10,524:DEBUG:File C:\Django\Lib\site-packages\django\contrib\admin\__init__.py first seen with mtime 1648413400.6233802
2022-06-24 15:40:10,524:DEBUG:File C:\Program Files\WindowsApps\PythonSoftwareFoundation.Python.3.10_3.10.1520.0_x64__qbz5n2kfra8p0\Lib\logging\handlers.py first seen with mtime 1648394698.6563613
2022-06-24 15:40:10,524:DEBUG:File C:\Django\Lib\site-packages\django\contrib\sessions\exceptions.py first seen with mtime 1648413403.1418808
2022-06-24 15:40:10,524:DEBUG:File C:\Django\Lib\site-packages\django\contrib\staticfiles\management\__init__.py first seen with mtime 1648413403.6221356
2022-06-24 15:40:10,524:DEBUG:File C:\Django\Lib\site-packages\django\db\models\functions\window.py first seen with mtime 1648413403.8026543
2022-06-24 15:40:10,524:DEBUG:File C:\Program Files\WindowsApps\PythonSoftwareFoundation.Python.3.10_3.10.1520.0_x64__qbz5n2kfra8p0\Lib\asyncio\log.py first seen with mtime 1648394697.0068035
2022-06-24 15:40:10,524:DEBUG:File C:\Django\Lib\site-packages\django\contrib\auth\checks.py first seen with mtime 1648413401.4769688
2022-06-24 15:40:10,525:DEBUG:File C:\Django\Lib\site-packages\django\utils\regex_helper.py first seen with mtime 1648413403.9482636
2022-06-24 15:40:10,525:DEBUG:File C:\Django\Lib\site-packages\django\db\migrations\migration.py first seen with mtime 1648413403.7637568
2022-06-24 15:40:10,525:DEBUG:File C:\Program Files\WindowsApps\PythonSoftwareFoundation.Python.3.10_3.10.1520.0_x64__qbz5n2kfra8p0\Lib\ctypes\wintypes.py first seen with mtime 1648394697.458814
2022-06-24 15:40:10,525:DEBUG:File C:\Django\Lib\site-packages\django\contrib\staticfiles\management\commands\__init__.py first seen with mtime 1648413403.6231327
2022-06-24 15:40:10,525:DEBUG:File C:\Django\Lib\site-packages\django\contrib\admin\templatetags\__init__.py first seen with mtime 1648413401.2425733
2022-06-24 15:40:10,525:DEBUG:File C:\Django\Lib\site-packages\django\template\loader_tags.py first seen with mtime 1648413403.8964026
2022-06-24 15:40:10,525:DEBUG:File C:\Program Files\WindowsApps\PythonSoftwareFoundation.Python.3.10_3.10.1520.0_x64__qbz5n2kfra8p0\Lib\numbers.py first seen with mtime 1648394698.7491188
2022-06-24 15:40:10,525:DEBUG:File C:\Django\Lib\site-packages\django\urls\utils.py first seen with mtime 1648413403.9273195
2022-06-24 15:40:10,525:DEBUG:File C:\Django\Lib\site-packages\django\contrib\sessions\__init__.py first seen with mtime 1648413403.1388867
2022-06-24 15:40:10,526:DEBUG:File C:\Django\Lib\site-packages\django\core\checks\compatibility\__init__.py first seen with mtime 1648413403.6510582
2022-06-24 15:40:10,526:DEBUG:File C:\Program Files\WindowsApps\PythonSoftwareFoundation.Python.3.10_3.10.1520.0_x64__qbz5n2kfra8p0\Lib\wsgiref\util.py first seen with mtime 1648394700.8836153
2022-06-24 15:40:10,526:DEBUG:File C:\Projects\mysite\mysite\__init__.py first seen with mtime 1654181255.162814
2022-06-24 15:40:10,526:DEBUG:File C:\Django\Lib\site-packages\django\core\checks\files.py first seen with mtime 1648413403.646071
2022-06-24 15:40:10,526:DEBUG:File C:\Program Files\WindowsApps\PythonSoftwareFoundation.Python.3.10_3.10.1520.0_x64__qbz5n2kfra8p0\Lib\calendar.py first seen with mtime 1648394697.4229097
2022-06-24 15:40:10,526:DEBUG:File C:\Projects\mysite\mysite\settings.py first seen with mtime 1656070804.7272925
2022-06-24 15:40:10,526:DEBUG:File C:\Program Files\WindowsApps\PythonSoftwareFoundation.Python.3.10_3.10.1520.0_x64__qbz5n2kfra8p0\Lib\asyncio\subprocess.py first seen with mtime 1648394697.0177748
2022-06-24 15:40:10,526:DEBUG:File C:\Django\Lib\site-packages\django\utils\datastructures.py first seen with mtime 1648413403.933305
2022-06-24 15:40:10,526:DEBUG:File C:\Django\Lib\site-packages\crispy_forms\templatetags\crispy_forms_utils.py first seen with mtime 1654184827.0433893
2022-06-24 15:40:10,526:DEBUG:File C:\Program Files\WindowsApps\PythonSoftwareFoundation.Python.3.10_3.10.1520.0_x64__qbz5n2kfra8p0\Lib\email\utils.py first seen with mtime 1648394697.6652625
2022-06-24 15:40:10,527:DEBUG:File C:\Django\Lib\site-packages\django\db\models\constants.py first seen with mtime 1648413403.7787166
2022-06-24 15:40:10,527:DEBUG:File C:\Django\Lib\site-packages\django\apps\config.py first seen with mtime 1648413400.2852848
2022-06-24 15:40:10,527:DEBUG:File C:\Django\Lib\site-packages\django\middleware\csrf.py first seen with mtime 1648413403.881443
2022-06-24 15:40:10,527:DEBUG:File C:\Program Files\WindowsApps\PythonSoftwareFoundation.Python.3.10_3.10.1520.0_x64__qbz5n2kfra8p0\Lib\_weakrefset.py first seen with mtime 1648394700.9943192
2022-06-24 15:40:10,527:DEBUG:File C:\Program Files\WindowsApps\PythonSoftwareFoundation.Python.3.10_3.10.1520.0_x64__qbz5n2kfra8p0\Lib\asyncio\base_events.py first seen with mtime 1654628024.5814433
2022-06-24 15:40:10,527:DEBUG:File C:\Django\Lib\site-packages\django\contrib\sessions\migrations\0001_initial.py first seen with mtime 1648413403.3772776
2022-06-24 15:40:10,527:DEBUG:File C:\Django\Lib\site-packages\django\core\serializers\json.py first seen with mtime 1648413403.7079067
2022-06-24 15:40:10,527:DEBUG:File C:\Django\Lib\site-packages\django\db\models\indexes.py first seen with mtime 1648413403.7857
2022-06-24 15:40:10,527:DEBUG:File C:\Django\Lib\site-packages\asgiref\local.py first seen with mtime 1648413400.1287024
2022-06-24 15:40:10,527:DEBUG:File C:\Projects\mysite\core\migrations\__init__.py first seen with mtime 1654181272.6173632
2022-06-24 15:40:10,528:DEBUG:File C:\Program Files\WindowsApps\PythonSoftwareFoundation.Python.3.10_3.10.1520.0_x64__qbz5n2kfra8p0\Lib\email\encoders.py first seen with mtime 1648394697.6423292
2022-06-24 15:40:10,528:DEBUG:File C:\Django\Lib\site-packages\django\contrib\messages\middleware.py first seen with mtime 1648413402.6796086
2022-06-24 15:40:10,528:DEBUG:File C:\Django\Lib\site-packages\django\contrib\sites\__init__.py first seen with mtime 1648413403.3987293
2022-06-24 15:40:10,528:DEBUG:File C:\Program Files\WindowsApps\PythonSoftwareFoundation.Python.3.10_3.10.1520.0_x64__qbz5n2kfra8p0\Lib\logging\config.py first seen with mtime 1648394698.6553638
2022-06-24 15:40:10,528:DEBUG:File C:\Django\Lib\site-packages\pkg_resources\_vendor\__init__.py first seen with mtime 1648413345.24431
2022-06-24 15:40:10,528:DEBUG:File C:\Program Files\WindowsApps\PythonSoftwareFoundation.Python.3.10_3.10.1520.0_x64__qbz5n2kfra8p0\Lib\struct.py first seen with mtime 1648394700.6921268
2022-06-24 15:40:10,528:DEBUG:File C:\Program Files\WindowsApps\PythonSoftwareFoundation.Python.3.10_3.10.1520.0_x64__qbz5n2kfra8p0\Lib\xml\parsers\__init__.py first seen with mtime 1648394700.9544272
2022-06-24 15:40:10,528:DEBUG:File C:\Program Files\WindowsApps\PythonSoftwareFoundation.Python.3.10_3.10.1520.0_x64__qbz5n2kfra8p0\Lib\decimal.py first seen with mtime 1648394697.498707
2022-06-24 15:40:10,528:DEBUG:File C:\Program Files\WindowsApps\PythonSoftwareFoundation.Python.3.10_3.10.1520.0_x64__qbz5n2kfra8p0\Lib\enum.py first seen with mtime 1648394698.0292928
2022-06-24 15:40:10,528:DEBUG:File C:\Django\Lib\site-packages\crispy_forms\utils.py first seen with mtime 1654184826.9454982
2022-06-24 15:40:10,528:DEBUG:File C:\Django\Lib\site-packages\django\contrib\admin\migrations\0001_initial.py first seen with mtime 1648413401.0099685
2022-06-24 15:40:10,529:DEBUG:File C:\Django\Lib\site-packages\django\db\backends\base\schema.py first seen with mtime 1648413403.7258577
2022-06-24 15:40:10,529:DEBUG:File C:\Django\Lib\site-packages\crispy_forms\templatetags\__init__.py first seen with mtime 1654184827.0404134
2022-06-24 15:40:10,529:DEBUG:File C:\Django\Lib\site-packages\django\utils\translation\trans_real.py first seen with mtime 1648413403.9612286
2022-06-24 15:40:10,529:DEBUG:File C:\Program Files\WindowsApps\PythonSoftwareFoundation.Python.3.10_3.10.1520.0_x64__qbz5n2kfra8p0\Lib\threading.py first seen with mtime 1654628038.2422738
2022-06-24 15:40:10,529:DEBUG:File C:\Program Files\WindowsApps\PythonSoftwareFoundation.Python.3.10_3.10.1520.0_x64__qbz5n2kfra8p0\Lib\asyncio\trsock.py first seen with mtime 1648394697.0217638
2022-06-24 15:40:10,529:DEBUG:File C:\Program Files\WindowsApps\PythonSoftwareFoundation.Python.3.10_3.10.1520.0_x64__qbz5n2kfra8p0\Lib\gettext.py first seen with mtime 1648394698.0362725
2022-06-24 15:40:10,529:DEBUG:File C:\Program Files\WindowsApps\PythonSoftwareFoundation.Python.3.10_3.10.1520.0_x64__qbz5n2kfra8p0\Lib\uu.py first seen with mtime 1648394700.856687
2022-06-24 15:40:10,529:DEBUG:File C:\Django\Lib\site-packages\django\core\management\commands\runserver.py first seen with mtime 1648413403.6919484
2022-06-24 15:40:10,529:DEBUG:File C:\Django\Lib\site-packages\sqlparse\engine\__init__.py first seen with mtime 1648413399.8424678
2022-06-24 15:40:10,529:DEBUG:File C:\Django\Lib\site-packages\django\db\models\aggregates.py first seen with mtime 1648413403.776723
2022-06-24 15:40:10,530:DEBUG:File C:\Program Files\WindowsApps\PythonSoftwareFoundation.Python.3.10_3.10.1520.0_x64__qbz5n2kfra8p0\Lib\hashlib.py first seen with mtime 1648394698.0402608
2022-06-24 15:40:10,530:DEBUG:File C:\Django\Lib\site-packages\colorama\initialise.py first seen with mtime 1654164525.4628327
2022-06-24 15:40:10,530:DEBUG:File C:\Django\Lib\site-packages\django\core\checks\urls.py first seen with mtime 1648413403.6510582
2022-06-24 15:40:10,530:DEBUG:File C:\Django\Lib\site-packages\sqlparse\filters\reindent.py first seen with mtime 1648413399.8514435
2022-06-24 15:40:10,530:DEBUG:File C:\Program Files\WindowsApps\PythonSoftwareFoundation.Python.3.10_3.10.1520.0_x64__qbz5n2kfra8p0\Lib\functools.py first seen with mtime 1648394698.032282
2022-06-24 15:40:10,530:DEBUG:File C:\Django\Lib\site-packages\django\db\models\query.py first seen with mtime 1648413403.7886903
2022-06-24 15:40:10,530:DEBUG:File C:\Django\Lib\site-packages\django\core\files\utils.py first seen with mtime 1648413403.6630275
2022-06-24 15:40:10,530:DEBUG:File C:\Django\Lib\site-packages\django\db\migrations\exceptions.py first seen with mtime 1648413403.7607644
2022-06-24 15:40:10,530:DEBUG:File C:\Django\Lib\site-packages\django\core\servers\__init__.py first seen with mtime 1648413403.7118964
2022-06-24 15:40:10,530:DEBUG:File C:\Django\Lib\site-packages\django\http\request.py first seen with mtime 1648413403.877453
2022-06-24 15:40:10,530:DEBUG:File C:\Program Files\WindowsApps\PythonSoftwareFoundation.Python.3.10_3.10.1520.0_x64__qbz5n2kfra8p0\Lib\wsgiref\simple_server.py first seen with mtime 1648394700.8826177
2022-06-24 15:40:10,531:DEBUG:File C:\Program Files\WindowsApps\PythonSoftwareFoundation.Python.3.10_3.10.1520.0_x64__qbz5n2kfra8p0\Lib\asyncio\windows_events.py first seen with mtime 1648394697.0237582
2022-06-24 15:40:10,531:DEBUG:File C:\Django\Lib\site-packages\django\utils\timesince.py first seen with mtime 1648413403.9512558
2022-06-24 15:40:10,531:DEBUG:File C:\Django\lib\site-packages\crispy_forms\templates\bootstrap first seen with mtime 1654184826.955418
2022-06-24 15:40:10,531:DEBUG:File C:\Django\lib\site-packages\crispy_forms\templates\bootstrap3 first seen with mtime 1654184826.981712
2022-06-24 15:40:10,531:DEBUG:File C:\Django\lib\site-packages\crispy_forms\templates\bootstrap4 first seen with mtime 1654184827.0112035
2022-06-24 15:40:10,531:DEBUG:File C:\Django\lib\site-packages\crispy_forms\templates\uni_form first seen with mtime 1654184827.0349574
2022-06-24 15:40:10,532:DEBUG:File C:\Django\lib\site-packages\crispy_forms\templates\bootstrap\accordion-group.html first seen with mtime 1654184826.946987
2022-06-24 15:40:10,532:DEBUG:File C:\Django\lib\site-packages\crispy_forms\templates\bootstrap\accordion.html first seen with mtime 1654184826.9479785
2022-06-24 15:40:10,532:DEBUG:File C:\Django\lib\site-packages\crispy_forms\templates\bootstrap\betterform.html first seen with mtime 1654184826.948972
2022-06-24 15:40:10,532:DEBUG:File C:\Django\lib\site-packages\crispy_forms\templates\bootstrap\display_form.html first seen with mtime 1654184826.9494665
2022-06-24 15:40:10,532:DEBUG:File C:\Django\lib\site-packages\crispy_forms\templates\bootstrap\errors.html first seen with mtime 1654184826.9499624
2022-06-24 15:40:10,532:DEBUG:File C:\Django\lib\site-packages\crispy_forms\templates\bootstrap\errors_formset.html first seen with mtime 1654184826.9509544
2022-06-24 15:40:10,532:DEBUG:File C:\Django\lib\site-packages\crispy_forms\templates\bootstrap\field.html first seen with mtime 1654184826.9519465
2022-06-24 15:40:10,532:DEBUG:File C:\Django\lib\site-packages\crispy_forms\templates\bootstrap\layout first seen with mtime 1654184826.9717865
2022-06-24 15:40:10,533:DEBUG:File C:\Django\lib\site-packages\crispy_forms\templates\bootstrap\table_inline_formset.html first seen with mtime 1654184826.9529388
2022-06-24 15:40:10,533:DEBUG:File C:\Django\lib\site-packages\crispy_forms\templates\bootstrap\uni_form.html first seen with mtime 1654184826.9534342
2022-06-24 15:40:10,533:DEBUG:File C:\Django\lib\site-packages\crispy_forms\templates\bootstrap\uni_formset.html first seen with mtime 1654184826.954426
2022-06-24 15:40:10,533:DEBUG:File C:\Django\lib\site-packages\crispy_forms\templates\bootstrap\whole_uni_form.html first seen with mtime 1654184826.954922
2022-06-24 15:40:10,533:DEBUG:File C:\Django\lib\site-packages\crispy_forms\templates\bootstrap\whole_uni_formset.html first seen with mtime 1654184826.955418
2022-06-24 15:40:10,533:DEBUG:File C:\Django\lib\site-packages\crispy_forms\templates\bootstrap\layout\alert.html first seen with mtime 1654184826.9564102
2022-06-24 15:40:10,533:DEBUG:File C:\Django\lib\site-packages\crispy_forms\templates\bootstrap\layout\baseinput.html first seen with mtime 1654184826.9569063
2022-06-24 15:40:10,534:DEBUG:File C:\Django\lib\site-packages\crispy_forms\templates\bootstrap\layout\button.html first seen with mtime 1654184826.9574027
2022-06-24 15:40:10,534:DEBUG:File C:\Django\lib\site-packages\crispy_forms\templates\bootstrap\layout\buttonholder.html first seen with mtime 1654184826.9578986
2022-06-24 15:40:10,534:DEBUG:File C:\Django\lib\site-packages\crispy_forms\templates\bootstrap\layout\checkboxselectmultiple.html first seen with mtime 1654184826.9588902
2022-06-24 15:40:10,534:DEBUG:File C:\Django\lib\site-packages\crispy_forms\templates\bootstrap\layout\checkboxselectmultiple_inline.html first seen with mtime 1654184826.9593866
2022-06-24 15:40:10,534:DEBUG:File C:\Django\lib\site-packages\crispy_forms\templates\bootstrap\layout\column.html first seen with mtime 1654184826.959882
2022-06-24 15:40:10,534:DEBUG:File C:\Django\lib\site-packages\crispy_forms\templates\bootstrap\layout\div.html first seen with mtime 1654184826.960378
2022-06-24 15:40:10,534:DEBUG:File C:\Django\lib\site-packages\crispy_forms\templates\bootstrap\layout\fieldset.html first seen with mtime 1654184826.9633546
2022-06-24 15:40:10,534:DEBUG:File C:\Django\lib\site-packages\crispy_forms\templates\bootstrap\layout\field_errors.html first seen with mtime 1654184826.9613707
2022-06-24 15:40:10,534:DEBUG:File C:\Django\lib\site-packages\crispy_forms\templates\bootstrap\layout\field_errors_block.html first seen with mtime 1654184826.9618664
2022-06-24 15:40:10,535:DEBUG:File C:\Django\lib\site-packages\crispy_forms\templates\bootstrap\layout\field_with_buttons.html first seen with mtime 1654184826.9628584
2022-06-24 15:40:10,535:DEBUG:File C:\Django\lib\site-packages\crispy_forms\templates\bootstrap\layout\formactions.html first seen with mtime 1654184826.9648426
2022-06-24 15:40:10,535:DEBUG:File C:\Django\lib\site-packages\crispy_forms\templates\bootstrap\layout\help_text.html first seen with mtime 1654184826.9653392
2022-06-24 15:40:10,535:DEBUG:File C:\Django\lib\site-packages\crispy_forms\templates\bootstrap\layout\help_text_and_errors.html first seen with mtime 1654184826.9663322
2022-06-24 15:40:10,535:DEBUG:File C:\Django\lib\site-packages\crispy_forms\templates\bootstrap\layout\multifield.html first seen with mtime 1654184826.9673226
2022-06-24 15:40:10,535:DEBUG:File C:\Django\lib\site-packages\crispy_forms\templates\bootstrap\layout\prepended_appended_text.html first seen with mtime 1654184826.9683144
2022-06-24 15:40:10,535:DEBUG:File C:\Django\lib\site-packages\crispy_forms\templates\bootstrap\layout\radioselect.html first seen with mtime 1654184826.9688113
2022-06-24 15:40:10,535:DEBUG:File C:\Django\lib\site-packages\crispy_forms\templates\bootstrap\layout\radioselect_inline.html first seen with mtime 1654184826.9693062
2022-06-24 15:40:10,535:DEBUG:File C:\Django\lib\site-packages\crispy_forms\templates\bootstrap\layout\row.html first seen with mtime 1654184826.969802
2022-06-24 15:40:10,535:DEBUG:File C:\Django\lib\site-packages\crispy_forms\templates\bootstrap\layout\tab-link.html first seen with mtime 1654184826.9707944
2022-06-24 15:40:10,536:DEBUG:File C:\Django\lib\site-packages\crispy_forms\templates\bootstrap\layout\tab.html first seen with mtime 1654184826.97129
2022-06-24 15:40:10,537:DEBUG:File C:\Django\lib\site-packages\crispy_forms\templates\bootstrap\layout\uneditable_input.html first seen with mtime 1654184826.9717865
2022-06-24 15:40:10,537:DEBUG:File C:\Django\lib\site-packages\crispy_forms\templates\bootstrap3\accordion-group.html first seen with mtime 1654184826.9727821
2022-06-24 15:40:10,537:DEBUG:File C:\Django\lib\site-packages\crispy_forms\templates\bootstrap3\accordion.html first seen with mtime 1654184826.9732804
2022-06-24 15:40:10,537:DEBUG:File C:\Django\lib\site-packages\crispy_forms\templates\bootstrap3\betterform.html first seen with mtime 1654184826.9742727
2022-06-24 15:40:10,537:DEBUG:File C:\Django\lib\site-packages\crispy_forms\templates\bootstrap3\display_form.html first seen with mtime 1654184826.974769
2022-06-24 15:40:10,537:DEBUG:File C:\Django\lib\site-packages\crispy_forms\templates\bootstrap3\errors.html first seen with mtime 1654184826.9757617
2022-06-24 15:40:10,537:DEBUG:File C:\Django\lib\site-packages\crispy_forms\templates\bootstrap3\errors_formset.html first seen with mtime 1654184826.9762573
2022-06-24 15:40:10,537:DEBUG:File C:\Django\lib\site-packages\crispy_forms\templates\bootstrap3\field.html first seen with mtime 1654184826.9767523
2022-06-24 15:40:10,537:DEBUG:File C:\Django\lib\site-packages\crispy_forms\templates\bootstrap3\inputs.html first seen with mtime 1654184826.9772482
2022-06-24 15:40:10,537:DEBUG:File C:\Django\lib\site-packages\crispy_forms\templates\bootstrap3\layout first seen with mtime 1654184826.9965086
2022-06-24 15:40:10,537:DEBUG:File C:\Django\lib\site-packages\crispy_forms\templates\bootstrap3\multifield.html first seen with mtime 1654184826.9782414
2022-06-24 15:40:10,537:DEBUG:File C:\Django\lib\site-packages\crispy_forms\templates\bootstrap3\table_inline_formset.html first seen with mtime 1654184826.9787364
2022-06-24 15:40:10,537:DEBUG:File C:\Django\lib\site-packages\crispy_forms\templates\bootstrap3\uni_form.html first seen with mtime 1654184826.9792328
2022-06-24 15:40:10,537:DEBUG:File C:\Django\lib\site-packages\crispy_forms\templates\bootstrap3\uni_formset.html first seen with mtime 1654184826.9802244
2022-06-24 15:40:10,537:DEBUG:File C:\Django\lib\site-packages\crispy_forms\templates\bootstrap3\whole_uni_form.html first seen with mtime 1654184826.9807212
2022-06-24 15:40:10,537:DEBUG:File C:\Django\lib\site-packages\crispy_forms\templates\bootstrap3\whole_uni_formset.html first seen with mtime 1654184826.98124
2022-06-24 15:40:10,538:DEBUG:File C:\Django\lib\site-packages\crispy_forms\templates\bootstrap3\layout\alert.html first seen with mtime 1654184826.981712
2022-06-24 15:40:10,538:DEBUG:File C:\Django\lib\site-packages\crispy_forms\templates\bootstrap3\layout\baseinput.html first seen with mtime 1654184826.982728
2022-06-24 15:40:10,538:DEBUG:File C:\Django\lib\site-packages\crispy_forms\templates\bootstrap3\layout\button.html first seen with mtime 1654184826.9832006
2022-06-24 15:40:10,538:DEBUG:File C:\Django\lib\site-packages\crispy_forms\templates\bootstrap3\layout\buttonholder.html first seen with mtime 1654184826.9836965
2022-06-24 15:40:10,538:DEBUG:File C:\Django\lib\site-packages\crispy_forms\templates\bootstrap3\layout\checkboxselectmultiple.html first seen with mtime 1654184826.9841928
2022-06-24 15:40:10,538:DEBUG:File C:\Django\lib\site-packages\crispy_forms\templates\bootstrap3\layout\checkboxselectmultiple_inline.html first seen with mtime 1654184826.9851851
2022-06-24 15:40:10,538:DEBUG:File C:\Django\lib\site-packages\crispy_forms\templates\bootstrap3\layout\column.html first seen with mtime 1654184826.9856806
2022-06-24 15:40:10,538:DEBUG:File C:\Django\lib\site-packages\crispy_forms\templates\bootstrap3\layout\div.html first seen with mtime 1654184826.9861772
2022-06-24 15:40:10,539:DEBUG:File C:\Django\lib\site-packages\crispy_forms\templates\bootstrap3\layout\fieldset.html first seen with mtime 1654184826.9886563
2022-06-24 15:40:10,539:DEBUG:File C:\Django\lib\site-packages\crispy_forms\templates\bootstrap3\layout\field_errors.html first seen with mtime 1654184826.9866724
2022-06-24 15:40:10,539:DEBUG:File C:\Django\lib\site-packages\crispy_forms\templates\bootstrap3\layout\field_errors_block.html first seen with mtime 1654184826.9876645
2022-06-24 15:40:10,539:DEBUG:File C:\Django\lib\site-packages\crispy_forms\templates\bootstrap3\layout\field_with_buttons.html first seen with mtime 1654184826.9881604
2022-06-24 15:40:10,539:DEBUG:File C:\Django\lib\site-packages\crispy_forms\templates\bootstrap3\layout\formactions.html first seen with mtime 1654184826.9891524
2022-06-24 15:40:10,539:DEBUG:File C:\Django\lib\site-packages\crispy_forms\templates\bootstrap3\layout\help_text.html first seen with mtime 1654184826.9900577
2022-06-24 15:40:10,539:DEBUG:File C:\Django\lib\site-packages\crispy_forms\templates\bootstrap3\layout\help_text_and_errors.html first seen with mtime 1654184826.9905567
2022-06-24 15:40:10,539:DEBUG:File C:\Django\lib\site-packages\crispy_forms\templates\bootstrap3\layout\inline_field.html first seen with mtime 1654184826.9910524
2022-06-24 15:40:10,539:DEBUG:File C:\Django\lib\site-packages\crispy_forms\templates\bootstrap3\layout\modal.html first seen with mtime 1654184826.9915485
2022-06-24 15:40:10,539:DEBUG:File C:\Django\lib\site-packages\crispy_forms\templates\bootstrap3\layout\multifield.html first seen with mtime 1654184826.9925404
2022-06-24 15:40:10,540:DEBUG:File C:\Django\lib\site-packages\crispy_forms\templates\bootstrap3\layout\prepended_appended_text.html first seen with mtime 1654184826.9930365
2022-06-24 15:40:10,540:DEBUG:File C:\Django\lib\site-packages\crispy_forms\templates\bootstrap3\layout\radioselect.html first seen with mtime 1654184826.9935327
2022-06-24 15:40:10,540:DEBUG:File C:\Django\lib\site-packages\crispy_forms\templates\bootstrap3\layout\radioselect_inline.html first seen with mtime 1654184826.994028
2022-06-24 15:40:10,540:DEBUG:File C:\Django\lib\site-packages\crispy_forms\templates\bootstrap3\layout\row.html first seen with mtime 1654184826.9950202
2022-06-24 15:40:10,540:DEBUG:File C:\Django\lib\site-packages\crispy_forms\templates\bootstrap3\layout\tab-link.html first seen with mtime 1654184826.9955165
2022-06-24 15:40:10,540:DEBUG:File C:\Django\lib\site-packages\crispy_forms\templates\bootstrap3\layout\tab.html first seen with mtime 1654184826.9960127
2022-06-24 15:40:10,540:DEBUG:File C:\Django\lib\site-packages\crispy_forms\templates\bootstrap3\layout\uneditable_input.html first seen with mtime 1654184826.9965086
2022-06-24 15:40:10,540:DEBUG:File C:\Django\lib\site-packages\crispy_forms\templates\bootstrap4\accordion-group.html first seen with mtime 1654184826.9975004
2022-06-24 15:40:10,541:DEBUG:File C:\Django\lib\site-packages\crispy_forms\templates\bootstrap4\accordion.html first seen with mtime 1654184826.9979966
2022-06-24 15:40:10,541:DEBUG:File C:\Django\lib\site-packages\crispy_forms\templates\bootstrap4\betterform.html first seen with mtime 1654184826.9990528
2022-06-24 15:40:10,541:DEBUG:File C:\Django\lib\site-packages\crispy_forms\templates\bootstrap4\display_form.html first seen with mtime 1654184827.005249
2022-06-24 15:40:10,541:DEBUG:File C:\Django\lib\site-packages\crispy_forms\templates\bootstrap4\errors.html first seen with mtime 1654184827.005747
2022-06-24 15:40:10,541:DEBUG:File C:\Django\lib\site-packages\crispy_forms\templates\bootstrap4\errors_formset.html first seen with mtime 1654184827.006244
2022-06-24 15:40:10,541:DEBUG:File C:\Django\lib\site-packages\crispy_forms\templates\bootstrap4\field.html first seen with mtime 1654184827.0072687
2022-06-24 15:40:10,541:DEBUG:File C:\Django\lib\site-packages\crispy_forms\templates\bootstrap4\inputs.html first seen with mtime 1654184827.0077317
2022-06-24 15:40:10,541:DEBUG:File C:\Django\lib\site-packages\crispy_forms\templates\bootstrap4\layout first seen with mtime 1654184827.0267794
2022-06-24 15:40:10,541:DEBUG:File C:\Django\lib\site-packages\crispy_forms\templates\bootstrap4\table_inline_formset.html first seen with mtime 1654184827.0087228
2022-06-24 15:40:10,542:DEBUG:File C:\Django\lib\site-packages\crispy_forms\templates\bootstrap4\uni_form.html first seen with mtime 1654184827.0092196
2022-06-24 15:40:10,542:DEBUG:File C:\Django\lib\site-packages\crispy_forms\templates\bootstrap4\uni_formset.html first seen with mtime 1654184827.0097156
2022-06-24 15:40:10,542:DEBUG:File C:\Django\lib\site-packages\crispy_forms\templates\bootstrap4\whole_uni_form.html first seen with mtime 1654184827.0102117
2022-06-24 15:40:10,542:DEBUG:File C:\Django\lib\site-packages\crispy_forms\templates\bootstrap4\whole_uni_formset.html first seen with mtime 1654184827.0107079
2022-06-24 15:40:10,542:DEBUG:File C:\Django\lib\site-packages\crispy_forms\templates\bootstrap4\layout\alert.html first seen with mtime 1654184827.0117338
2022-06-24 15:40:10,542:DEBUG:File C:\Django\lib\site-packages\crispy_forms\templates\bootstrap4\layout\attrs.html first seen with mtime 1654184827.0122325
2022-06-24 15:40:10,542:DEBUG:File C:\Django\lib\site-packages\crispy_forms\templates\bootstrap4\layout\baseinput.html first seen with mtime 1654184827.0127287
2022-06-24 15:40:10,542:DEBUG:File C:\Django\lib\site-packages\crispy_forms\templates\bootstrap4\layout\button.html first seen with mtime 1654184827.0132244
2022-06-24 15:40:10,543:DEBUG:File C:\Django\lib\site-packages\crispy_forms\templates\bootstrap4\layout\buttonholder.html first seen with mtime 1654184827.0137198
2022-06-24 15:40:10,543:DEBUG:File C:\Django\lib\site-packages\crispy_forms\templates\bootstrap4\layout\checkboxselectmultiple.html first seen with mtime 1654184827.0142157
2022-06-24 15:40:10,543:DEBUG:File C:\Django\lib\site-packages\crispy_forms\templates\bootstrap4\layout\checkboxselectmultiple_inline.html first seen with mtime 1654184827.0147116
2022-06-24 15:40:10,543:DEBUG:File C:\Django\lib\site-packages\crispy_forms\templates\bootstrap4\layout\column.html first seen with mtime 1654184827.0157046
2022-06-24 15:40:10,543:DEBUG:File C:\Django\lib\site-packages\crispy_forms\templates\bootstrap4\layout\div.html first seen with mtime 1654184827.0162003
2022-06-24 15:40:10,543:DEBUG:File C:\Django\lib\site-packages\crispy_forms\templates\bootstrap4\layout\fieldset.html first seen with mtime 1654184827.0191767
2022-06-24 15:40:10,543:DEBUG:File C:\Django\lib\site-packages\crispy_forms\templates\bootstrap4\layout\field_errors.html first seen with mtime 1654184827.0166957
2022-06-24 15:40:10,543:DEBUG:File C:\Django\lib\site-packages\crispy_forms\templates\bootstrap4\layout\field_errors_block.html first seen with mtime 1654184827.017192
2022-06-24 15:40:10,543:DEBUG:File C:\Django\lib\site-packages\crispy_forms\templates\bootstrap4\layout\field_file.html first seen with mtime 1654184827.0181847
2022-06-24 15:40:10,543:DEBUG:File C:\Django\lib\site-packages\crispy_forms\templates\bootstrap4\layout\field_with_buttons.html first seen with mtime 1654184827.0186799
2022-06-24 15:40:10,544:DEBUG:File C:\Django\lib\site-packages\crispy_forms\templates\bootstrap4\layout\formactions.html first seen with mtime 1654184827.0196726
2022-06-24 15:40:10,544:DEBUG:File C:\Django\lib\site-packages\crispy_forms\templates\bootstrap4\layout\help_text.html first seen with mtime 1654184827.0201685
2022-06-24 15:40:10,544:DEBUG:File C:\Django\lib\site-packages\crispy_forms\templates\bootstrap4\layout\help_text_and_errors.html first seen with mtime 1654184827.0206647
2022-06-24 15:40:10,544:DEBUG:File C:\Django\lib\site-packages\crispy_forms\templates\bootstrap4\layout\inline_field.html first seen with mtime 1654184827.0211606
2022-06-24 15:40:10,544:DEBUG:File C:\Django\lib\site-packages\crispy_forms\templates\bootstrap4\layout\modal.html first seen with mtime 1654184827.0216558
2022-06-24 15:40:10,544:DEBUG:File C:\Django\lib\site-packages\crispy_forms\templates\bootstrap4\layout\multifield.html first seen with mtime 1654184827.0221517
2022-06-24 15:40:10,544:DEBUG:File C:\Django\lib\site-packages\crispy_forms\templates\bootstrap4\layout\prepended_appended_text.html first seen with mtime 1654184827.0231445
2022-06-24 15:40:10,544:DEBUG:File C:\Django\lib\site-packages\crispy_forms\templates\bootstrap4\layout\radioselect.html first seen with mtime 1654184827.0236406
2022-06-24 15:40:10,544:DEBUG:File C:\Django\lib\site-packages\crispy_forms\templates\bootstrap4\layout\radioselect_inline.html first seen with mtime 1654184827.0241363
2022-06-24 15:40:10,545:DEBUG:File C:\Django\lib\site-packages\crispy_forms\templates\bootstrap4\layout\row.html first seen with mtime 1654184827.0246325
2022-06-24 15:40:10,545:DEBUG:File C:\Django\lib\site-packages\crispy_forms\templates\bootstrap4\layout\tab-link.html first seen with mtime 1654184827.0251286
2022-06-24 15:40:10,545:DEBUG:File C:\Django\lib\site-packages\crispy_forms\templates\bootstrap4\layout\tab.html first seen with mtime 1654184827.026136
2022-06-24 15:40:10,545:DEBUG:File C:\Django\lib\site-packages\crispy_forms\templates\bootstrap4\layout\uneditable_input.html first seen with mtime 1654184827.0267794
2022-06-24 15:40:10,545:DEBUG:File C:\Django\lib\site-packages\crispy_forms\templates\uni_form\betterform.html first seen with mtime 1654184827.0277095
2022-06-24 15:40:10,545:DEBUG:File C:\Django\lib\site-packages\crispy_forms\templates\uni_form\display_form.html first seen with mtime 1654184827.0282047
2022-06-24 15:40:10,545:DEBUG:File C:\Django\lib\site-packages\crispy_forms\templates\uni_form\errors.html first seen with mtime 1654184827.0287013
2022-06-24 15:40:10,545:DEBUG:File C:\Django\lib\site-packages\crispy_forms\templates\uni_form\errors_formset.html first seen with mtime 1654184827.0296924
2022-06-24 15:40:10,546:DEBUG:File C:\Django\lib\site-packages\crispy_forms\templates\uni_form\field.html first seen with mtime 1654184827.0301895
2022-06-24 15:40:10,546:DEBUG:File C:\Django\lib\site-packages\crispy_forms\templates\uni_form\field.strict.html first seen with mtime 1654184827.030987
2022-06-24 15:40:10,546:DEBUG:File C:\Django\lib\site-packages\crispy_forms\templates\uni_form\layout first seen with mtime 1654184827.0394216
2022-06-24 15:40:10,546:DEBUG:File C:\Django\lib\site-packages\crispy_forms\templates\uni_form\multifield.html first seen with mtime 1654184827.0314853
2022-06-24 15:40:10,546:DEBUG:File C:\Django\lib\site-packages\crispy_forms\templates\uni_form\uni_form.html first seen with mtime 1654184827.0324771
2022-06-24 15:40:10,546:DEBUG:File C:\Django\lib\site-packages\crispy_forms\templates\uni_form\uni_formset.html first seen with mtime 1654184827.032973
2022-06-24 15:40:10,546:DEBUG:File C:\Django\lib\site-packages\crispy_forms\templates\uni_form\whole_uni_form.html first seen with mtime 1654184827.0334697
2022-06-24 15:40:10,546:DEBUG:File C:\Django\lib\site-packages\crispy_forms\templates\uni_form\whole_uni_formset.html first seen with mtime 1654184827.0344615
2022-06-24 15:40:10,547:DEBUG:File C:\Django\lib\site-packages\crispy_forms\templates\uni_form\layout\baseinput.html first seen with mtime 1654184827.0354533
2022-06-24 15:40:10,547:DEBUG:File C:\Django\lib\site-packages\crispy_forms\templates\uni_form\layout\buttonholder.html first seen with mtime 1654184827.0359497
2022-06-24 15:40:10,547:DEBUG:File C:\Django\lib\site-packages\crispy_forms\templates\uni_form\layout\column.html first seen with mtime 1654184827.0364447
2022-06-24 15:40:10,547:DEBUG:File C:\Django\lib\site-packages\crispy_forms\templates\uni_form\layout\div.html first seen with mtime 1654184827.0374374
2022-06-24 15:40:10,547:DEBUG:File C:\Django\lib\site-packages\crispy_forms\templates\uni_form\layout\fieldset.html first seen with mtime 1654184827.0384295
2022-06-24 15:40:10,547:DEBUG:File C:\Django\lib\site-packages\crispy_forms\templates\uni_form\layout\multifield.html first seen with mtime 1654184827.0389254
2022-06-24 15:40:10,547:DEBUG:File C:\Django\lib\site-packages\crispy_forms\templates\uni_form\layout\row.html first seen with mtime 1654184827.0394216
2022-06-24 15:40:10,548:DEBUG:File C:\Projects\mysite\mysite\templates\base.html first seen with mtime 1654537911.877915
2022-06-24 15:40:10,548:DEBUG:File C:\Projects\mysite\mysite\templates\basee.html first seen with mtime 1654593290.2938726
2022-06-24 15:40:10,548:DEBUG:File C:\Projects\mysite\mysite\templates\class_pdf_list.html first seen with mtime 1654542952.0766666
2022-06-24 15:40:10,548:DEBUG:File C:\Projects\mysite\mysite\templates\login.html first seen with mtime 1654780455.665028
2022-06-24 15:40:10,548:DEBUG:File C:\Projects\mysite\mysite\templates\not-found.html first seen with mtime 1654683964.702497
2022-06-24 15:40:10,548:DEBUG:File C:\Projects\mysite\mysite\templates\pdfs.html first seen with mtime 1656065430.7140758
2022-06-24 15:40:10,548:DEBUG:File C:\Projects\mysite\mysite\templates\pdf_list.html first seen with mtime 1654705634.0672333
2022-06-24 15:40:10,548:DEBUG:File C:\Projects\mysite\mysite\templates\register.html first seen with mtime 1654538905.9790804
2022-06-24 15:40:10,548:DEBUG:File C:\Projects\mysite\mysite\templates\upload_pdf.html first seen with mtime 1654518026.7210402
2022-06-24 15:40:10,548:DEBUG:File C:\Projects\mysite\mysite\templates\userlogin.log first seen with mtime 1656070601.2366393
2022-06-24 15:40:10,549:DEBUG:File C:\Projects\mysite\mysite\templates\__pycache__ first seen with mtime 1654183430.183002
2022-06-24 15:40:10,549:DEBUG:File C:\Projects\mysite\mysite\templates\__pycache__\forms.cpython-310.pyc first seen with mtime 1654180464.2283273
2022-06-24 15:40:10,549:DEBUG:File C:\Projects\mysite\mysite\templates\__pycache__\models.cpython-310.pyc first seen with mtime 1654180464.229815
2022-06-24 15:40:10,549:DEBUG:File C:\Projects\mysite\mysite\templates\__pycache__\views.cpython-310.pyc first seen with mtime 1654180464.2258475
2022-06-24 15:40:10,549:DEBUG:File C:\Projects\mysite\mysite\templates\__pycache__\__init__.cpython-310.pyc first seen with mtime 1654180464.223369
2022-06-24 15:40:11,744:DEBUG:File C:\Projects\mysite\core\migrations\0003_rename_title_pdf_\u10d3\u10d0\u10e1\u10d0\u10ee\u10d4\u10da\u10d4\u10d1\u10d0.py first seen with mtime 1654516851.8508725
2022-06-24 15:40:11,749:DEBUG:File C:\Projects\mysite\core\migrations\0002_alter_pdf_pdf.py first seen with mtime 1654513827.2541463
2022-06-24 15:40:11,751:DEBUG:File C:\Projects\mysite\core\migrations\0005_alter_pdf_pdf.py first seen with mtime 1654674312.537682
2022-06-24 15:40:11,752:DEBUG:File C:\Django\Lib\site-packages\django\contrib\sessions\backends\db.py first seen with mtime 1648413403.1488607
2022-06-24 15:40:11,752:DEBUG:File C:\Program Files\WindowsApps\PythonSoftwareFoundation.Python.3.10_3.10.1520.0_x64__qbz5n2kfra8p0\Lib\encodings\idna.py first seen with mtime 1648394697.7620041
2022-06-24 15:40:11,755:DEBUG:File C:\Program Files\WindowsApps\PythonSoftwareFoundation.Python.3.10_3.10.1520.0_x64__qbz5n2kfra8p0\Lib\stringprep.py first seen with mtime 1648394700.6921268
2022-06-24 15:40:11,755:DEBUG:File C:\Projects\mysite\core\migrations\0001_initial.py first seen with mtime 1654336338.299407
2022-06-24 15:40:11,757:DEBUG:File C:\Projects\mysite\mysite\wsgi.py first seen with mtime 1654181255.162318
2022-06-24 15:40:11,761:DEBUG:File C:\Django\Lib\site-packages\django\db\models\sql\compiler.py first seen with mtime 1648413403.80365
2022-06-24 15:40:11,769:DEBUG:File C:\Django\Lib\site-packages\django\middleware\clickjacking.py first seen with mtime 1648413403.8804452
2022-06-24 15:40:11,772:DEBUG:File C:\Projects\mysite\core\migrations\0004_alter_pdf_pdf.py first seen with mtime 1654612086.8137958
2022-06-24 15:40:13,365:INFO:"GET /list HTTP/1.1" 302 0
2022-06-24 15:40:13,523:INFO:"GET /login?next=/list HTTP/1.1" 200 3200
2022-06-24 15:40:14,010:DEBUG:File C:\Django\Lib\site-packages\django\contrib\messages\storage\fallback.py first seen with mtime 1648413402.6835947
2022-06-24 15:40:14,012:DEBUG:File C:\Django\Lib\site-packages\django\contrib\auth\context_processors.py first seen with mtime 1648413401.4779663
2022-06-24 15:40:14,014:DEBUG:File C:\Django\Lib\site-packages\django\contrib\messages\utils.py first seen with mtime 1648413402.6806045
2022-06-24 15:40:14,018:DEBUG:File C:\Django\Lib\site-packages\django\contrib\messages\storage\session.py first seen with mtime 1648413402.6835947
2022-06-24 15:40:14,019:DEBUG:File C:\Django\Lib\site-packages\django\contrib\sessions\serializers.py first seen with mtime 1648413403.1448715
2022-06-24 15:40:14,019:DEBUG:File C:\Django\Lib\site-packages\django\contrib\messages\context_processors.py first seen with mtime 1648413402.6776178
2022-06-24 15:40:14,022:DEBUG:File C:\Django\Lib\site-packages\django\contrib\messages\storage\cookie.py first seen with mtime 1648413402.6825976
2022-06-24 15:40:14,028:DEBUG:File C:\Django\Lib\site-packages\django\template\context_processors.py first seen with mtime 1648413403.8894207
2022-06-24 15:40:14,033:DEBUG:File C:\Django\Lib\site-packages\django\contrib\messages\storage\base.py first seen with mtime 1648413402.6825976
2022-06-24 15:40:15,010:DEBUG:user sandrexttu1 logged in through page https://2fab-45-143-108-82.eu.ngrok.io/login?next=/list
2022-06-24 15:40:15,019:INFO:"POST /login?next=/list HTTP/1.1" 302 0
2022-06-24 15:40:15,218:INFO:"GET /list HTTP/1.1" 200 3194
2022-06-24 15:40:51,677:DEBUG:File C:\Projects\mysite\core\signals.py previous mtime: 1656070594.740124, current mtime: 1656070851.404189
2022-06-24 15:40:51,678:DEBUG:C:\Projects\mysite\core\signals.py notified as changed. Signal results: [(<function template_changed at 0x0000024555EC51B0>, None), (<function translation_file_changed at 0x000002455775CEE0>, None)].
2022-06-24 15:40:51,678:INFO:C:\Projects\mysite\core\signals.py changed, reloading.
